#
# There is insufficient memory for the Java Runtime Environment to continue.
# Native memory allocation (malloc) failed to allocate 1265496 bytes. Error detail: Chunk::new
# Possible reasons:
#   The system is out of physical RAM or swap space
#   This process is running with CompressedOops enabled, and the Java Heap may be blocking the growth of the native heap
# Possible solutions:
#   Reduce memory load on the system
#   Increase physical memory or swap space
#   Check if swap backing store is full
#   Decrease Java heap size (-Xmx/-Xms)
#   Decrease number of Java threads
#   Decrease Java thread stack sizes (-Xss)
#   Set larger code cache with -XX:ReservedCodeCacheSize=
#   JVM is running with Unscaled Compressed Oops mode in which the Java heap is
#     placed in the first 4GB address space. The Java Heap base address is the
#     maximum limit for the native heap growth. Please use -XX:HeapBaseMinAddress
#     to set the Java Heap base and to place the Java Heap above 4GB virtual address.
# This output file may be truncated or incomplete.
#
#  Out of Memory Error (arena.cpp:186), pid=5724, tid=4704
#
# JRE version: Java(TM) SE Runtime Environment (25.0.1+8) (build 25.0.1+8-LTS-27)
# Java VM: Java HotSpot(TM) 64-Bit Server VM (25.0.1+8-LTS-27, mixed mode, sharing, tiered, compressed oops, compressed class ptrs, g1 gc, windows-amd64)
# No core dump will be written. Minidumps are not enabled by default on client versions of Windows
#

---------------  S U M M A R Y ------------

Command Line: -javaagent:C:\Program Files\JetBrains\IntelliJ IDEA Community Edition 2025.2.4\lib\idea_rt.jar=56654 -Dfile.encoding=UTF-8 -Dsun.stdout.encoding=UTF-8 -Dsun.stderr.encoding=UTF-8 com.mymindmirror.backend.BackendApplication

Host: 12th Gen Intel(R) Core(TM) i5-1240P, 16 cores, 3G,  Windows 11 , 64 bit Build 26100 (10.0.26100.8246)
Time: Sun May 10 22:43:22 2026 India Standard Time elapsed time: 3314.763917 seconds (0d 0h 55m 14s)

---------------  T H R E A D  ---------------

Current thread (0x000002e5ad761f80):  JavaThread "C2 CompilerThread0" daemon [_thread_in_native, id=4704, stack(0x000000f5ffe00000,0x000000f5fff00000) (1024K)]


Current CompileTask:
C2:3314764 23092       4       jdk.internal.loader.BuiltinClassLoader::findResources (175 bytes)

Stack: [0x000000f5ffe00000,0x000000f5fff00000]
Native frames: (J=compiled Java code, j=interpreted, Vv=VM code, C=native code)
V  [jvm.dll+0x7a6b59]  (no source info available)
V  [jvm.dll+0x77290d]  (no source info available)
V  [jvm.dll+0x966153]  (no source info available)
V  [jvm.dll+0x968751]  (no source info available)
V  [jvm.dll+0x968e53]  (no source info available)
V  [jvm.dll+0x2fc756]  (no source info available)
V  [jvm.dll+0x111b26]  (no source info available)
V  [jvm.dll+0x111e4e]  (no source info available)
V  [jvm.dll+0x1a0a22]  (no source info available)
V  [jvm.dll+0x3b53c2]  (no source info available)
V  [jvm.dll+0x7ac4ef]  (no source info available)
V  [jvm.dll+0x2c0ac7]  (no source info available)
V  [jvm.dll+0x2bfa8f]  (no source info available)
V  [jvm.dll+0x237b60]  (no source info available)
V  [jvm.dll+0x2cfb56]  (no source info available)
V  [jvm.dll+0x2cddd5]  (no source info available)
V  [jvm.dll+0x48e6d1]  (no source info available)
V  [jvm.dll+0x906a0d]  (no source info available)
V  [jvm.dll+0x7a5135]  (no source info available)
C  [ucrtbase.dll+0x37b0]  (no source info available)
C  [KERNEL32.DLL+0x2e8d7]  (no source info available)
C  [ntdll.dll+0x8c3fc]  (no source info available)

Lock stack of current Java thread (top to bottom):


---------------  P R O C E S S  ---------------

Threads class SMR info:
_java_thread_list=0x000002e5b2743270, length=48, elements={
0x000002e5ad750310, 0x000002e5ad750ad0, 0x000002e5ad755c00, 0x000002e5ad7567c0,
0x000002e5ad757380, 0x000002e5ad75ff50, 0x000002e5ad761f80, 0x000002e5ad76b230,
0x000002e5ad91ac80, 0x000002e5b23235a0, 0x000002e5b2324570, 0x000002e5b4bd9da0,
0x000002e5b4bdbce0, 0x000002e5b4143180, 0x000002e5b4141240, 0x000002e5b413fad0,
0x000002e5b4146830, 0x000002e5b41448f0, 0x000002e5b41450c0, 0x000002e5b4147000,
0x000002e5b56adf10, 0x000002e5b56aeeb0, 0x000002e5b56acf70, 0x000002e5b56af680,
0x000002e5b56abfd0, 0x000002e5b56b3500, 0x000002e5b56661f0, 0x000002e5b5663310,
0x000002e5b5662b40, 0x000002e5b2a7a670, 0x000002e5b2a79ea0, 0x000002e5b2a7cd80,
0x000002e5b2a7d550, 0x000002e5b2a7dd20, 0x000002e5b2a7e4f0, 0x000002e5b2a7bde0,
0x000002e5b2a7ecc0, 0x000002e5b2a7b610, 0x000002e5b2a80430, 0x000002e5b2a7f490,
0x000002e5b2a7fc60, 0x000002e5b2a80c00, 0x000002e5b2a813d0, 0x000002e5b41421e0,
0x000002e5b324d5f0, 0x000002e5b4bda570, 0x000002e5b59199c0, 0x000002e5b6738c40
}

Java Threads: ( => current thread )
  0x000002e5ad750310 JavaThread "Reference Handler"          daemon [_thread_blocked, id=21376, stack(0x000000f5ff800000,0x000000f5ff900000) (1024K)]
  0x000002e5ad750ad0 JavaThread "Finalizer"                  daemon [_thread_blocked, id=16484, stack(0x000000f5ff900000,0x000000f5ffa00000) (1024K)]
  0x000002e5ad755c00 JavaThread "Signal Dispatcher"          daemon [_thread_blocked, id=10944, stack(0x000000f5ffa00000,0x000000f5ffb00000) (1024K)]
  0x000002e5ad7567c0 JavaThread "Attach Listener"            daemon [_thread_blocked, id=4272, stack(0x000000f5ffb00000,0x000000f5ffc00000) (1024K)]
  0x000002e5ad757380 JavaThread "Service Thread"             daemon [_thread_blocked, id=3640, stack(0x000000f5ffc00000,0x000000f5ffd00000) (1024K)]
  0x000002e5ad75ff50 JavaThread "Monitor Deflation Thread"   daemon [_thread_blocked, id=8280, stack(0x000000f5ffd00000,0x000000f5ffe00000) (1024K)]
=>0x000002e5ad761f80 JavaThread "C2 CompilerThread0"         daemon [_thread_in_native, id=4704, stack(0x000000f5ffe00000,0x000000f5fff00000) (1024K)]
  0x000002e5ad76b230 JavaThread "C1 CompilerThread0"         daemon [_thread_blocked, id=10932, stack(0x000000f5fff00000,0x000000f600000000) (1024K)]
  0x000002e5ad91ac80 JavaThread "Common-Cleaner"             daemon [_thread_blocked, id=13584, stack(0x000000f580000000,0x000000f580100000) (1024K)]
  0x000002e5b23235a0 JavaThread "Monitor Ctrl-Break"         daemon [_thread_in_native, id=5276, stack(0x000000f580100000,0x000000f580200000) (1024K)]
  0x000002e5b2324570 JavaThread "Notification Thread"        daemon [_thread_blocked, id=20552, stack(0x000000f580200000,0x000000f580300000) (1024K)]
  0x000002e5b4bd9da0 JavaThread "mysql-cj-abandoned-connection-cleanup" daemon [_thread_blocked, id=12248, stack(0x000000f581300000,0x000000f581400000) (1024K)]
  0x000002e5b4bdbce0 JavaThread "HikariPool-1:housekeeper"   daemon [_thread_blocked, id=14248, stack(0x000000f580500000,0x000000f580600000) (1024K)]
  0x000002e5b4143180 JavaThread "Catalina-utility-1"                [_thread_blocked, id=4248, stack(0x000000f581500000,0x000000f581600000) (1024K)]
  0x000002e5b4141240 JavaThread "Catalina-utility-2"                [_thread_blocked, id=1336, stack(0x000000f581600000,0x000000f581700000) (1024K)]
  0x000002e5b413fad0 JavaThread "container-0"                       [_thread_blocked, id=13616, stack(0x000000f581700000,0x000000f581800000) (1024K)]
  0x000002e5b4146830 JavaThread "http-nio-8080-exec-1"       daemon [_thread_in_native, id=20376, stack(0x000000f581900000,0x000000f581a00000) (1024K)]
  0x000002e5b41448f0 JavaThread "http-nio-8080-exec-2"       daemon [_thread_in_native, id=6116, stack(0x000000f581a00000,0x000000f581b00000) (1024K)]
  0x000002e5b41450c0 JavaThread "http-nio-8080-exec-3"       daemon [_thread_blocked, id=19176, stack(0x000000f581b00000,0x000000f581c00000) (1024K)]
  0x000002e5b4147000 JavaThread "http-nio-8080-exec-4"       daemon [_thread_blocked, id=1868, stack(0x000000f581c00000,0x000000f581d00000) (1024K)]
  0x000002e5b56adf10 JavaThread "http-nio-8080-exec-5"       daemon [_thread_blocked, id=13024, stack(0x000000f581d00000,0x000000f581e00000) (1024K)]
  0x000002e5b56aeeb0 JavaThread "http-nio-8080-exec-6"       daemon [_thread_in_native, id=16024, stack(0x000000f581e00000,0x000000f581f00000) (1024K)]
  0x000002e5b56acf70 JavaThread "http-nio-8080-exec-7"       daemon [_thread_blocked, id=17992, stack(0x000000f581f00000,0x000000f582000000) (1024K)]
  0x000002e5b56af680 JavaThread "http-nio-8080-exec-8"       daemon [_thread_in_native, id=18604, stack(0x000000f582000000,0x000000f582100000) (1024K)]
  0x000002e5b56abfd0 JavaThread "http-nio-8080-exec-9"       daemon [_thread_in_native, id=17640, stack(0x000000f582100000,0x000000f582200000) (1024K)]
  0x000002e5b56b3500 JavaThread "http-nio-8080-exec-10"      daemon [_thread_blocked, id=12448, stack(0x000000f582200000,0x000000f582300000) (1024K)]
  0x000002e5b56661f0 JavaThread "http-nio-8080-Poller"       daemon [_thread_in_native, id=2264, stack(0x000000f582300000,0x000000f582400000) (1024K)]
  0x000002e5b5663310 JavaThread "http-nio-8080-Acceptor"     daemon [_thread_in_native, id=10052, stack(0x000000f582400000,0x000000f582500000) (1024K)]
  0x000002e5b5662b40 JavaThread "DestroyJavaVM"                     [_thread_blocked, id=19764, stack(0x000000f5ff000000,0x000000f5ff100000) (1024K)]
  0x000002e5b2a7a670 JavaThread "reactor-http-nio-1"         daemon [_thread_in_native, id=15224, stack(0x000000f582700000,0x000000f582800000) (1024K)]
  0x000002e5b2a79ea0 JavaThread "reactor-http-nio-2"         daemon [_thread_in_native, id=19084, stack(0x000000f582800000,0x000000f582900000) (1024K)]
  0x000002e5b2a7cd80 JavaThread "reactor-http-nio-3"         daemon [_thread_in_native, id=20952, stack(0x000000f582900000,0x000000f582a00000) (1024K)]
  0x000002e5b2a7d550 JavaThread "reactor-http-nio-4"         daemon [_thread_in_native, id=18580, stack(0x000000f582a00000,0x000000f582b00000) (1024K)]
  0x000002e5b2a7dd20 JavaThread "reactor-http-nio-5"         daemon [_thread_in_native, id=19604, stack(0x000000f582b00000,0x000000f582c00000) (1024K)]
  0x000002e5b2a7e4f0 JavaThread "reactor-http-nio-6"         daemon [_thread_in_native, id=10688, stack(0x000000f582c00000,0x000000f582d00000) (1024K)]
  0x000002e5b2a7bde0 JavaThread "reactor-http-nio-7"         daemon [_thread_in_native, id=12344, stack(0x000000f582d00000,0x000000f582e00000) (1024K)]
  0x000002e5b2a7ecc0 JavaThread "reactor-http-nio-8"         daemon [_thread_in_native, id=11756, stack(0x000000f582e00000,0x000000f582f00000) (1024K)]
  0x000002e5b2a7b610 JavaThread "reactor-http-nio-9"         daemon [_thread_in_native, id=2636, stack(0x000000f582f00000,0x000000f583000000) (1024K)]
  0x000002e5b2a80430 JavaThread "reactor-http-nio-10"        daemon [_thread_in_native, id=14816, stack(0x000000f583000000,0x000000f583100000) (1024K)]
  0x000002e5b2a7f490 JavaThread "reactor-http-nio-11"        daemon [_thread_in_native, id=9760, stack(0x000000f583100000,0x000000f583200000) (1024K)]
  0x000002e5b2a7fc60 JavaThread "reactor-http-nio-12"        daemon [_thread_in_native, id=14128, stack(0x000000f583200000,0x000000f583300000) (1024K)]
  0x000002e5b2a80c00 JavaThread "reactor-http-nio-13"        daemon [_thread_in_native, id=11656, stack(0x000000f583300000,0x000000f583400000) (1024K)]
  0x000002e5b2a813d0 JavaThread "reactor-http-nio-14"        daemon [_thread_in_native, id=20860, stack(0x000000f583400000,0x000000f583500000) (1024K)]
  0x000002e5b41421e0 JavaThread "reactor-http-nio-15"        daemon [_thread_in_native, id=19348, stack(0x000000f583500000,0x000000f583600000) (1024K)]
  0x000002e5b324d5f0 JavaThread "reactor-http-nio-16"        daemon [_thread_in_native, id=9364, stack(0x000000f583600000,0x000000f583700000) (1024K)]
  0x000002e5b4bda570 JavaThread "Jndi-Dns-address-change-listener" daemon [_thread_in_native, id=18164, stack(0x000000f582600000,0x000000f582700000) (1024K)]
  0x000002e5b59199c0 JavaThread "C1 CompilerThread1"         daemon [_thread_blocked, id=21172, stack(0x000000f581200000,0x000000f581300000) (1024K)]
  0x000002e5b6738c40 JavaThread "HikariPool-1:connection-adder" daemon [_thread_blocked, id=17744, stack(0x000000f581400000,0x000000f581500000) (1024K)]
Total: 48

Other Threads:
  0x000002e5ad740ea0 VMThread "VM Thread"                           [id=2840, stack(0x000000f5ff700000,0x000000f5ff800000) (1024K)]
  0x000002e5ad732090 WatcherThread "VM Periodic Task Thread"        [id=19644, stack(0x000000f5ff600000,0x000000f5ff700000) (1024K)]
  0x000002e59136c440 WorkerThread "GC Thread#0"                     [id=21384, stack(0x000000f5ff100000,0x000000f5ff200000) (1024K)]
  0x000002e5b2ea9850 WorkerThread "GC Thread#1"                     [id=18860, stack(0x000000f580300000,0x000000f580400000) (1024K)]
  0x000002e5b2eda550 WorkerThread "GC Thread#2"                     [id=19244, stack(0x000000f580400000,0x000000f580500000) (1024K)]
  0x000002e5b23a6000 WorkerThread "GC Thread#3"                     [id=14864, stack(0x000000f580600000,0x000000f580700000) (1024K)]
  0x000002e5b23a68a0 WorkerThread "GC Thread#4"                     [id=21188, stack(0x000000f580700000,0x000000f580800000) (1024K)]
  0x000002e5b23a4620 WorkerThread "GC Thread#5"                     [id=3500, stack(0x000000f580800000,0x000000f580900000) (1024K)]
  0x000002e5b3490780 WorkerThread "GC Thread#6"                     [id=20388, stack(0x000000f580900000,0x000000f580a00000) (1024K)]
  0x000002e5b348cf70 WorkerThread "GC Thread#7"                     [id=12840, stack(0x000000f580a00000,0x000000f580b00000) (1024K)]
  0x000002e5b348e500 WorkerThread "GC Thread#8"                     [id=14712, stack(0x000000f580b00000,0x000000f580c00000) (1024K)]
  0x000002e5b348e950 WorkerThread "GC Thread#9"                     [id=15460, stack(0x000000f580c00000,0x000000f580d00000) (1024K)]
  0x000002e5b348d3c0 WorkerThread "GC Thread#10"                    [id=16480, stack(0x000000f580d00000,0x000000f580e00000) (1024K)]
  0x000002e5b3491d10 WorkerThread "GC Thread#11"                    [id=5712, stack(0x000000f580e00000,0x000000f580f00000) (1024K)]
  0x000002e5b34932a0 WorkerThread "GC Thread#12"                    [id=21444, stack(0x000000f580f00000,0x000000f581000000) (1024K)]
  0x000002e5913785b0 ConcurrentGCThread "G1 Main Marker"            [id=16224, stack(0x000000f5ff200000,0x000000f5ff300000) (1024K)]
  0x000002e59137a040 WorkerThread "G1 Conc#0"                       [id=4040, stack(0x000000f5ff300000,0x000000f5ff400000) (1024K)]
  0x000002e5b34936f0 WorkerThread "G1 Conc#1"                       [id=15524, stack(0x000000f581000000,0x000000f581100000) (1024K)]
  0x000002e5b34925b0 WorkerThread "G1 Conc#2"                       [id=17932, stack(0x000000f581100000,0x000000f581200000) (1024K)]
  0x000002e5913de7f0 ConcurrentGCThread "G1 Refine#0"               [id=9420, stack(0x000000f5ff400000,0x000000f5ff500000) (1024K)]
  0x000002e5ad5f34a0 ConcurrentGCThread "G1 Service"                [id=11660, stack(0x000000f5ff500000,0x000000f5ff600000) (1024K)]
Total: 21

Threads with active compile tasks:
C2 CompilerThread0  3315092 23092       4       jdk.internal.loader.BuiltinClassLoader::findResources (175 bytes)
Total: 1

VM state: not at safepoint (normal execution)

VM Mutex/Monitor currently owned by a thread: None

Heap address: 0x00000000c5200000, size: 942 MB, Compressed Oops mode: 32-bit

CDS archive(s) mapped at: [0x000000001d000000-0x000000001ddd0000-0x000000001ddd0000), size 14483456, SharedBaseAddress: 0x000000001d000000, ArchiveRelocationMode: 1.
Compressed class space mapped at: 0x000000001e000000-0x000000005e000000, reserved size: 1073741824
UseCompressedClassPointers 1, UseCompactObjectHeaders 0
Narrow klass pointer bits 32, Max shift 3
Narrow klass base: 0x000000001d000000, Narrow klass shift: 0
Encoding Range: [0x000000001d000000 - 0x000000011d000000), (4294967296 bytes)
Klass Range:    [0x000000001d010000 - 0x000000005e000000), (1090453504 bytes)
Klass ID Range:  [65536 - 1090519033) (1090453497)
Protection zone: [0x000000001d000000 - 0x000000001d010000), (65536 bytes)

GC Precious Log:
 CardTable entry size: 512
 Card Set container configuration: InlinePtr #cards 5 size 8 Array Of Cards #cards 10 size 36 Howl #buckets 4 coarsen threshold 1843 Howl Bitmap #cards 512 size 80 coarsen threshold 460 Card regions per heap region 1 cards per card region 2048
 CPUs: 16 total, 16 available
 Memory: 3767M
 Large Page Support: Disabled
 NUMA Support: Disabled
 Compressed Oops: Enabled (32-bit)
 Heap Region Size: 1M
 Heap Min Capacity: 8M
 Heap Initial Capacity: 60M
 Heap Max Capacity: 942M
 Pre-touch: Disabled
 Parallel Workers: 13
 Concurrent Workers: 3
 Concurrent Refinement Workers: 13
 Periodic GC: Disabled

Heap:
 garbage-first heap   total reserved 964608K, committed 181248K, used 100784K [0x00000000c5200000, 0x0000000100000000)
  region size 1024K, 49 young (50176K), 1 survivors (1024K)

Heap Regions: E=young(eden), S=young(survivor), O=old, HS=humongous(starts), HC=humongous(continues), CS=collection set, F=free, TAMS=top-at-mark-start, PB=parsable bottom
|   0|0x00000000c5200000, 0x00000000c5300000, 0x00000000c5300000|100%|HS|  |TAMS 0x00000000c5200000| PB 0x00000000c5200000| Complete |  0
|   1|0x00000000c5300000, 0x00000000c5400000, 0x00000000c5400000|100%|HS|  |TAMS 0x00000000c5300000| PB 0x00000000c5300000| Complete |  0
|   2|0x00000000c5400000, 0x00000000c5500000, 0x00000000c5500000|100%| O|  |TAMS 0x00000000c5400000| PB 0x00000000c5400000| Untracked |  0
|   3|0x00000000c5500000, 0x00000000c5600000, 0x00000000c5600000|100%| O|  |TAMS 0x00000000c5500000| PB 0x00000000c5500000| Untracked |  0
|   4|0x00000000c5600000, 0x00000000c5700000, 0x00000000c5700000|100%| O|  |TAMS 0x00000000c5600000| PB 0x00000000c5600000| Untracked |  0
|   5|0x00000000c5700000, 0x00000000c5800000, 0x00000000c5800000|100%| O|  |TAMS 0x00000000c5700000| PB 0x00000000c5700000| Untracked |  0
|   6|0x00000000c5800000, 0x00000000c5900000, 0x00000000c5900000|100%| O|  |TAMS 0x00000000c5800000| PB 0x00000000c5800000| Untracked |  0
|   7|0x00000000c5900000, 0x00000000c5a00000, 0x00000000c5a00000|100%| O|  |TAMS 0x00000000c5900000| PB 0x00000000c5900000| Untracked |  0
|   8|0x00000000c5a00000, 0x00000000c5b00000, 0x00000000c5b00000|100%| O|  |TAMS 0x00000000c5a00000| PB 0x00000000c5a00000| Untracked |  0
|   9|0x00000000c5b00000, 0x00000000c5c00000, 0x00000000c5c00000|100%| O|  |TAMS 0x00000000c5b00000| PB 0x00000000c5b00000| Untracked |  0
|  10|0x00000000c5c00000, 0x00000000c5d00000, 0x00000000c5d00000|100%| O|  |TAMS 0x00000000c5c00000| PB 0x00000000c5c00000| Untracked |  0
|  11|0x00000000c5d00000, 0x00000000c5e00000, 0x00000000c5e00000|100%| O|  |TAMS 0x00000000c5d00000| PB 0x00000000c5d00000| Untracked |  0
|  12|0x00000000c5e00000, 0x00000000c5f00000, 0x00000000c5f00000|100%| O|  |TAMS 0x00000000c5e00000| PB 0x00000000c5e00000| Untracked |  0
|  13|0x00000000c5f00000, 0x00000000c6000000, 0x00000000c6000000|100%| O|  |TAMS 0x00000000c5f00000| PB 0x00000000c5f00000| Untracked |  0
|  14|0x00000000c6000000, 0x00000000c6100000, 0x00000000c6100000|100%| O|  |TAMS 0x00000000c6000000| PB 0x00000000c6000000| Untracked |  0
|  15|0x00000000c6100000, 0x00000000c6200000, 0x00000000c6200000|100%| O|  |TAMS 0x00000000c6100000| PB 0x00000000c6100000| Untracked |  0
|  16|0x00000000c6200000, 0x00000000c6300000, 0x00000000c6300000|100%| O|  |TAMS 0x00000000c6200000| PB 0x00000000c6200000| Untracked |  0
|  17|0x00000000c6300000, 0x00000000c6400000, 0x00000000c6400000|100%| O|  |TAMS 0x00000000c6300000| PB 0x00000000c6300000| Untracked |  0
|  18|0x00000000c6400000, 0x00000000c6500000, 0x00000000c6500000|100%| O|  |TAMS 0x00000000c6400000| PB 0x00000000c6400000| Untracked |  0
|  19|0x00000000c6500000, 0x00000000c6600000, 0x00000000c6600000|100%| O|  |TAMS 0x00000000c6500000| PB 0x00000000c6500000| Untracked |  0
|  20|0x00000000c6600000, 0x00000000c6700000, 0x00000000c6700000|100%| O|  |TAMS 0x00000000c6600000| PB 0x00000000c6600000| Untracked |  0
|  21|0x00000000c6700000, 0x00000000c6800000, 0x00000000c6800000|100%| O|  |TAMS 0x00000000c6700000| PB 0x00000000c6700000| Untracked |  0
|  22|0x00000000c6800000, 0x00000000c6900000, 0x00000000c6900000|100%| O|  |TAMS 0x00000000c6800000| PB 0x00000000c6800000| Untracked |  0
|  23|0x00000000c6900000, 0x00000000c6a00000, 0x00000000c6a00000|100%| O|  |TAMS 0x00000000c6900000| PB 0x00000000c6900000| Untracked |  0
|  24|0x00000000c6a00000, 0x00000000c6b00000, 0x00000000c6b00000|100%| O|  |TAMS 0x00000000c6a00000| PB 0x00000000c6a00000| Untracked |  0
|  25|0x00000000c6b00000, 0x00000000c6c00000, 0x00000000c6c00000|100%| O|  |TAMS 0x00000000c6b00000| PB 0x00000000c6b00000| Untracked |  0
|  26|0x00000000c6c00000, 0x00000000c6d00000, 0x00000000c6d00000|100%| O|  |TAMS 0x00000000c6c00000| PB 0x00000000c6c00000| Untracked |  0
|  27|0x00000000c6d00000, 0x00000000c6e00000, 0x00000000c6e00000|100%| O|  |TAMS 0x00000000c6d00000| PB 0x00000000c6d00000| Untracked |  0
|  28|0x00000000c6e00000, 0x00000000c6f00000, 0x00000000c6f00000|100%| O|  |TAMS 0x00000000c6e00000| PB 0x00000000c6e00000| Untracked |  0
|  29|0x00000000c6f00000, 0x00000000c7000000, 0x00000000c7000000|100%| O|  |TAMS 0x00000000c6f00000| PB 0x00000000c6f00000| Untracked |  0
|  30|0x00000000c7000000, 0x00000000c7100000, 0x00000000c7100000|100%| O|  |TAMS 0x00000000c7000000| PB 0x00000000c7000000| Untracked |  0
|  31|0x00000000c7100000, 0x00000000c7200000, 0x00000000c7200000|100%| O|  |TAMS 0x00000000c7100000| PB 0x00000000c7100000| Untracked |  0
|  32|0x00000000c7200000, 0x00000000c7300000, 0x00000000c7300000|100%| O|  |TAMS 0x00000000c7200000| PB 0x00000000c7200000| Untracked |  0
|  33|0x00000000c7300000, 0x00000000c7400000, 0x00000000c7400000|100%| O|  |TAMS 0x00000000c7300000| PB 0x00000000c7300000| Untracked |  0
|  34|0x00000000c7400000, 0x00000000c745de60, 0x00000000c7500000| 36%| O|  |TAMS 0x00000000c7400000| PB 0x00000000c7400000| Untracked |  0
|  35|0x00000000c7500000, 0x00000000c7600000, 0x00000000c7600000|100%| O|  |TAMS 0x00000000c7500000| PB 0x00000000c7500000| Untracked |  0
|  36|0x00000000c7600000, 0x00000000c7700000, 0x00000000c7700000|100%| O|  |TAMS 0x00000000c7600000| PB 0x00000000c7600000| Untracked |  0
|  37|0x00000000c7700000, 0x00000000c7800000, 0x00000000c7800000|100%| O|  |TAMS 0x00000000c7700000| PB 0x00000000c7700000| Untracked |  0
|  38|0x00000000c7800000, 0x00000000c7800000, 0x00000000c7900000|  0%| F|  |TAMS 0x00000000c7800000| PB 0x00000000c7800000| Untracked |  0
|  39|0x00000000c7900000, 0x00000000c7a00000, 0x00000000c7a00000|100%| O|  |TAMS 0x00000000c7900000| PB 0x00000000c7900000| Untracked |  0
|  40|0x00000000c7a00000, 0x00000000c7b00000, 0x00000000c7b00000|100%| O|  |TAMS 0x00000000c7a00000| PB 0x00000000c7a00000| Untracked |  0
|  41|0x00000000c7b00000, 0x00000000c7c00000, 0x00000000c7c00000|100%| O|  |TAMS 0x00000000c7b00000| PB 0x00000000c7b00000| Untracked |  0
|  42|0x00000000c7c00000, 0x00000000c7d00000, 0x00000000c7d00000|100%| O|  |TAMS 0x00000000c7c00000| PB 0x00000000c7c00000| Untracked |  0
|  43|0x00000000c7d00000, 0x00000000c7e00000, 0x00000000c7e00000|100%| O|  |TAMS 0x00000000c7d00000| PB 0x00000000c7d00000| Untracked |  0
|  44|0x00000000c7e00000, 0x00000000c7f00000, 0x00000000c7f00000|100%| O|  |TAMS 0x00000000c7e00000| PB 0x00000000c7e00000| Untracked |  0
|  45|0x00000000c7f00000, 0x00000000c8000000, 0x00000000c8000000|100%| O|  |TAMS 0x00000000c7f00000| PB 0x00000000c7f00000| Untracked |  0
|  46|0x00000000c8000000, 0x00000000c8100000, 0x00000000c8100000|100%| O|  |TAMS 0x00000000c8000000| PB 0x00000000c8000000| Untracked |  0
|  47|0x00000000c8100000, 0x00000000c8200000, 0x00000000c8200000|100%| O|  |TAMS 0x00000000c8100000| PB 0x00000000c8100000| Untracked |  0
|  48|0x00000000c8200000, 0x00000000c8300000, 0x00000000c8300000|100%| O|  |TAMS 0x00000000c8200000| PB 0x00000000c8200000| Untracked |  0
|  49|0x00000000c8300000, 0x00000000c83706e0, 0x00000000c8400000| 43%| O|  |TAMS 0x00000000c8300000| PB 0x00000000c8300000| Untracked |  0
|  50|0x00000000c8400000, 0x00000000c8400000, 0x00000000c8500000|  0%| F|  |TAMS 0x00000000c8400000| PB 0x00000000c8400000| Untracked |  0
|  51|0x00000000c8500000, 0x00000000c8500000, 0x00000000c8600000|  0%| F|  |TAMS 0x00000000c8500000| PB 0x00000000c8500000| Untracked |  0
|  52|0x00000000c8600000, 0x00000000c8700000, 0x00000000c8700000|100%| O|  |TAMS 0x00000000c8600000| PB 0x00000000c8600000| Untracked |  0
|  53|0x00000000c8700000, 0x00000000c8700000, 0x00000000c8800000|  0%| F|  |TAMS 0x00000000c8700000| PB 0x00000000c8700000| Untracked |  0
|  54|0x00000000c8800000, 0x00000000c8900000, 0x00000000c8900000|100%| O|  |TAMS 0x00000000c8800000| PB 0x00000000c8800000| Untracked |  0
|  55|0x00000000c8900000, 0x00000000c8900000, 0x00000000c8a00000|  0%| F|  |TAMS 0x00000000c8900000| PB 0x00000000c8900000| Untracked |  0
|  56|0x00000000c8a00000, 0x00000000c8a00000, 0x00000000c8b00000|  0%| F|  |TAMS 0x00000000c8a00000| PB 0x00000000c8a00000| Untracked |  0
|  57|0x00000000c8b00000, 0x00000000c8b00000, 0x00000000c8c00000|  0%| F|  |TAMS 0x00000000c8b00000| PB 0x00000000c8b00000| Untracked |  0
|  58|0x00000000c8c00000, 0x00000000c8c00000, 0x00000000c8d00000|  0%| F|  |TAMS 0x00000000c8c00000| PB 0x00000000c8c00000| Untracked |  0
|  59|0x00000000c8d00000, 0x00000000c8d00000, 0x00000000c8e00000|  0%| F|  |TAMS 0x00000000c8d00000| PB 0x00000000c8d00000| Untracked |  0
|  60|0x00000000c8e00000, 0x00000000c8e00000, 0x00000000c8f00000|  0%| F|  |TAMS 0x00000000c8e00000| PB 0x00000000c8e00000| Untracked |  0
|  61|0x00000000c8f00000, 0x00000000c8f00000, 0x00000000c9000000|  0%| F|  |TAMS 0x00000000c8f00000| PB 0x00000000c8f00000| Untracked |  0
|  62|0x00000000c9000000, 0x00000000c9000000, 0x00000000c9100000|  0%| F|  |TAMS 0x00000000c9000000| PB 0x00000000c9000000| Untracked |  0
|  63|0x00000000c9100000, 0x00000000c9100000, 0x00000000c9200000|  0%| F|  |TAMS 0x00000000c9100000| PB 0x00000000c9100000| Untracked |  0
|  64|0x00000000c9200000, 0x00000000c9200000, 0x00000000c9300000|  0%| F|  |TAMS 0x00000000c9200000| PB 0x00000000c9200000| Untracked |  0
|  65|0x00000000c9300000, 0x00000000c9300000, 0x00000000c9400000|  0%| F|  |TAMS 0x00000000c9300000| PB 0x00000000c9300000| Untracked |  0
|  66|0x00000000c9400000, 0x00000000c9400000, 0x00000000c9500000|  0%| F|  |TAMS 0x00000000c9400000| PB 0x00000000c9400000| Untracked |  0
|  67|0x00000000c9500000, 0x00000000c9500000, 0x00000000c9600000|  0%| F|  |TAMS 0x00000000c9500000| PB 0x00000000c9500000| Untracked |  0
|  68|0x00000000c9600000, 0x00000000c9600000, 0x00000000c9700000|  0%| F|  |TAMS 0x00000000c9600000| PB 0x00000000c9600000| Untracked |  0
|  69|0x00000000c9700000, 0x00000000c979ddc0, 0x00000000c9800000| 61%| S|CS|TAMS 0x00000000c9700000| PB 0x00000000c9700000| Complete |  0
|  70|0x00000000c9800000, 0x00000000c9800000, 0x00000000c9900000|  0%| F|  |TAMS 0x00000000c9800000| PB 0x00000000c9800000| Untracked |  0
|  71|0x00000000c9900000, 0x00000000c9900000, 0x00000000c9a00000|  0%| F|  |TAMS 0x00000000c9900000| PB 0x00000000c9900000| Untracked |  0
|  72|0x00000000c9a00000, 0x00000000c9a00000, 0x00000000c9b00000|  0%| F|  |TAMS 0x00000000c9a00000| PB 0x00000000c9a00000| Untracked |  0
|  73|0x00000000c9b00000, 0x00000000c9b00000, 0x00000000c9c00000|  0%| F|  |TAMS 0x00000000c9b00000| PB 0x00000000c9b00000| Untracked |  0
|  74|0x00000000c9c00000, 0x00000000c9c00000, 0x00000000c9d00000|  0%| F|  |TAMS 0x00000000c9c00000| PB 0x00000000c9c00000| Untracked |  0
|  75|0x00000000c9d00000, 0x00000000c9d00000, 0x00000000c9e00000|  0%| F|  |TAMS 0x00000000c9d00000| PB 0x00000000c9d00000| Untracked |  0
|  76|0x00000000c9e00000, 0x00000000c9e00000, 0x00000000c9f00000|  0%| F|  |TAMS 0x00000000c9e00000| PB 0x00000000c9e00000| Untracked |  0
|  77|0x00000000c9f00000, 0x00000000c9f00000, 0x00000000ca000000|  0%| F|  |TAMS 0x00000000c9f00000| PB 0x00000000c9f00000| Untracked |  0
|  78|0x00000000ca000000, 0x00000000ca000000, 0x00000000ca100000|  0%| F|  |TAMS 0x00000000ca000000| PB 0x00000000ca000000| Untracked |  0
|  79|0x00000000ca100000, 0x00000000ca100000, 0x00000000ca200000|  0%| F|  |TAMS 0x00000000ca100000| PB 0x00000000ca100000| Untracked |  0
|  80|0x00000000ca200000, 0x00000000ca200000, 0x00000000ca300000|  0%| F|  |TAMS 0x00000000ca200000| PB 0x00000000ca200000| Untracked |  0
|  81|0x00000000ca300000, 0x00000000ca300000, 0x00000000ca400000|  0%| F|  |TAMS 0x00000000ca300000| PB 0x00000000ca300000| Untracked |  0
|  82|0x00000000ca400000, 0x00000000ca400000, 0x00000000ca500000|  0%| F|  |TAMS 0x00000000ca400000| PB 0x00000000ca400000| Untracked |  0
|  86|0x00000000ca800000, 0x00000000ca800000, 0x00000000ca900000|  0%| F|  |TAMS 0x00000000ca800000| PB 0x00000000ca800000| Untracked |  0
|  92|0x00000000cae00000, 0x00000000cae00000, 0x00000000caf00000|  0%| F|  |TAMS 0x00000000cae00000| PB 0x00000000cae00000| Untracked |  0
|  93|0x00000000caf00000, 0x00000000caf00000, 0x00000000cb000000|  0%| F|  |TAMS 0x00000000caf00000| PB 0x00000000caf00000| Untracked |  0
|  94|0x00000000cb000000, 0x00000000cb000000, 0x00000000cb100000|  0%| F|  |TAMS 0x00000000cb000000| PB 0x00000000cb000000| Untracked |  0
|  95|0x00000000cb100000, 0x00000000cb100000, 0x00000000cb200000|  0%| F|  |TAMS 0x00000000cb100000| PB 0x00000000cb100000| Untracked |  0
|  96|0x00000000cb200000, 0x00000000cb200000, 0x00000000cb300000|  0%| F|  |TAMS 0x00000000cb200000| PB 0x00000000cb200000| Untracked |  0
|  97|0x00000000cb300000, 0x00000000cb300000, 0x00000000cb400000|  0%| F|  |TAMS 0x00000000cb300000| PB 0x00000000cb300000| Untracked |  0
|  98|0x00000000cb400000, 0x00000000cb400000, 0x00000000cb500000|  0%| F|  |TAMS 0x00000000cb400000| PB 0x00000000cb400000| Untracked |  0
|  99|0x00000000cb500000, 0x00000000cb500000, 0x00000000cb600000|  0%| F|  |TAMS 0x00000000cb500000| PB 0x00000000cb500000| Untracked |  0
| 100|0x00000000cb600000, 0x00000000cb600000, 0x00000000cb700000|  0%| F|  |TAMS 0x00000000cb600000| PB 0x00000000cb600000| Untracked |  0
| 101|0x00000000cb700000, 0x00000000cb700000, 0x00000000cb800000|  0%| F|  |TAMS 0x00000000cb700000| PB 0x00000000cb700000| Untracked |  0
| 102|0x00000000cb800000, 0x00000000cb800000, 0x00000000cb900000|  0%| F|  |TAMS 0x00000000cb800000| PB 0x00000000cb800000| Untracked |  0
| 103|0x00000000cb900000, 0x00000000cb900000, 0x00000000cba00000|  0%| F|  |TAMS 0x00000000cb900000| PB 0x00000000cb900000| Untracked |  0
| 104|0x00000000cba00000, 0x00000000cba00000, 0x00000000cbb00000|  0%| F|  |TAMS 0x00000000cba00000| PB 0x00000000cba00000| Untracked |  0
| 105|0x00000000cbb00000, 0x00000000cbb00000, 0x00000000cbc00000|  0%| F|  |TAMS 0x00000000cbb00000| PB 0x00000000cbb00000| Untracked |  0
| 106|0x00000000cbc00000, 0x00000000cbc00000, 0x00000000cbd00000|  0%| F|  |TAMS 0x00000000cbc00000| PB 0x00000000cbc00000| Untracked |  0
| 107|0x00000000cbd00000, 0x00000000cbd00000, 0x00000000cbe00000|  0%| F|  |TAMS 0x00000000cbd00000| PB 0x00000000cbd00000| Untracked |  0
| 108|0x00000000cbe00000, 0x00000000cbe00000, 0x00000000cbf00000|  0%| F|  |TAMS 0x00000000cbe00000| PB 0x00000000cbe00000| Untracked |  0
| 109|0x00000000cbf00000, 0x00000000cbf00000, 0x00000000cc000000|  0%| F|  |TAMS 0x00000000cbf00000| PB 0x00000000cbf00000| Untracked |  0
| 110|0x00000000cc000000, 0x00000000cc000000, 0x00000000cc100000|  0%| F|  |TAMS 0x00000000cc000000| PB 0x00000000cc000000| Untracked |  0
| 111|0x00000000cc100000, 0x00000000cc100000, 0x00000000cc200000|  0%| F|  |TAMS 0x00000000cc100000| PB 0x00000000cc100000| Untracked |  0
| 112|0x00000000cc200000, 0x00000000cc200000, 0x00000000cc300000|  0%| F|  |TAMS 0x00000000cc200000| PB 0x00000000cc200000| Untracked |  0
| 113|0x00000000cc300000, 0x00000000cc300000, 0x00000000cc400000|  0%| F|  |TAMS 0x00000000cc300000| PB 0x00000000cc300000| Untracked |  0
| 114|0x00000000cc400000, 0x00000000cc400000, 0x00000000cc500000|  0%| F|  |TAMS 0x00000000cc400000| PB 0x00000000cc400000| Untracked |  0
| 115|0x00000000cc500000, 0x00000000cc500000, 0x00000000cc600000|  0%| F|  |TAMS 0x00000000cc500000| PB 0x00000000cc500000| Untracked |  0
| 116|0x00000000cc600000, 0x00000000cc600000, 0x00000000cc700000|  0%| F|  |TAMS 0x00000000cc600000| PB 0x00000000cc600000| Untracked |  0
| 117|0x00000000cc700000, 0x00000000cc700000, 0x00000000cc800000|  0%| F|  |TAMS 0x00000000cc700000| PB 0x00000000cc700000| Untracked |  0
| 118|0x00000000cc800000, 0x00000000cc800000, 0x00000000cc900000|  0%| F|  |TAMS 0x00000000cc800000| PB 0x00000000cc800000| Untracked |  0
| 119|0x00000000cc900000, 0x00000000cc900000, 0x00000000cca00000|  0%| F|  |TAMS 0x00000000cc900000| PB 0x00000000cc900000| Untracked |  0
| 120|0x00000000cca00000, 0x00000000cca00000, 0x00000000ccb00000|  0%| F|  |TAMS 0x00000000cca00000| PB 0x00000000cca00000| Untracked |  0
| 121|0x00000000ccb00000, 0x00000000ccb00000, 0x00000000ccc00000|  0%| F|  |TAMS 0x00000000ccb00000| PB 0x00000000ccb00000| Untracked |  0
| 122|0x00000000ccc00000, 0x00000000ccc00000, 0x00000000ccd00000|  0%| F|  |TAMS 0x00000000ccc00000| PB 0x00000000ccc00000| Untracked |  0
| 123|0x00000000ccd00000, 0x00000000ccd00000, 0x00000000cce00000|  0%| F|  |TAMS 0x00000000ccd00000| PB 0x00000000ccd00000| Untracked |  0
| 124|0x00000000cce00000, 0x00000000cce00000, 0x00000000ccf00000|  0%| F|  |TAMS 0x00000000cce00000| PB 0x00000000cce00000| Untracked |  0
| 125|0x00000000ccf00000, 0x00000000ccf00000, 0x00000000cd000000|  0%| F|  |TAMS 0x00000000ccf00000| PB 0x00000000ccf00000| Untracked |  0
| 126|0x00000000cd000000, 0x00000000cd000000, 0x00000000cd100000|  0%| F|  |TAMS 0x00000000cd000000| PB 0x00000000cd000000| Untracked |  0
| 127|0x00000000cd100000, 0x00000000cd100000, 0x00000000cd200000|  0%| F|  |TAMS 0x00000000cd100000| PB 0x00000000cd100000| Untracked |  0
| 128|0x00000000cd200000, 0x00000000cd200000, 0x00000000cd300000|  0%| F|  |TAMS 0x00000000cd200000| PB 0x00000000cd200000| Untracked |  0
| 129|0x00000000cd300000, 0x00000000cd300000, 0x00000000cd400000|  0%| F|  |TAMS 0x00000000cd300000| PB 0x00000000cd300000| Untracked |  0
| 130|0x00000000cd400000, 0x00000000cd400000, 0x00000000cd500000|  0%| F|  |TAMS 0x00000000cd400000| PB 0x00000000cd400000| Untracked |  0
| 131|0x00000000cd500000, 0x00000000cd500000, 0x00000000cd600000|  0%| F|  |TAMS 0x00000000cd500000| PB 0x00000000cd500000| Untracked |  0
| 132|0x00000000cd600000, 0x00000000cd600000, 0x00000000cd700000|  0%| F|  |TAMS 0x00000000cd600000| PB 0x00000000cd600000| Untracked |  0
| 133|0x00000000cd700000, 0x00000000cd700000, 0x00000000cd800000|  0%| F|  |TAMS 0x00000000cd700000| PB 0x00000000cd700000| Untracked |  0
| 134|0x00000000cd800000, 0x00000000cd800000, 0x00000000cd900000|  0%| F|  |TAMS 0x00000000cd800000| PB 0x00000000cd800000| Untracked |  0
| 135|0x00000000cd900000, 0x00000000cd900000, 0x00000000cda00000|  0%| F|  |TAMS 0x00000000cd900000| PB 0x00000000cd900000| Untracked |  0
| 136|0x00000000cda00000, 0x00000000cdb00000, 0x00000000cdb00000|100%| E|  |TAMS 0x00000000cda00000| PB 0x00000000cda00000| Complete |  0
| 137|0x00000000cdb00000, 0x00000000cdc00000, 0x00000000cdc00000|100%| E|CS|TAMS 0x00000000cdb00000| PB 0x00000000cdb00000| Complete |  0
| 138|0x00000000cdc00000, 0x00000000cdd00000, 0x00000000cdd00000|100%| E|CS|TAMS 0x00000000cdc00000| PB 0x00000000cdc00000| Complete |  0
| 139|0x00000000cdd00000, 0x00000000cde00000, 0x00000000cde00000|100%| E|CS|TAMS 0x00000000cdd00000| PB 0x00000000cdd00000| Complete |  0
| 140|0x00000000cde00000, 0x00000000cdf00000, 0x00000000cdf00000|100%| E|CS|TAMS 0x00000000cde00000| PB 0x00000000cde00000| Complete |  0
| 141|0x00000000cdf00000, 0x00000000ce000000, 0x00000000ce000000|100%| E|CS|TAMS 0x00000000cdf00000| PB 0x00000000cdf00000| Complete |  0
| 142|0x00000000ce000000, 0x00000000ce100000, 0x00000000ce100000|100%| E|CS|TAMS 0x00000000ce000000| PB 0x00000000ce000000| Complete |  0
| 143|0x00000000ce100000, 0x00000000ce200000, 0x00000000ce200000|100%| E|CS|TAMS 0x00000000ce100000| PB 0x00000000ce100000| Complete |  0
| 144|0x00000000ce200000, 0x00000000ce300000, 0x00000000ce300000|100%| E|CS|TAMS 0x00000000ce200000| PB 0x00000000ce200000| Complete |  0
| 145|0x00000000ce300000, 0x00000000ce400000, 0x00000000ce400000|100%| E|CS|TAMS 0x00000000ce300000| PB 0x00000000ce300000| Complete |  0
| 146|0x00000000ce400000, 0x00000000ce500000, 0x00000000ce500000|100%| E|CS|TAMS 0x00000000ce400000| PB 0x00000000ce400000| Complete |  0
| 147|0x00000000ce500000, 0x00000000ce600000, 0x00000000ce600000|100%| E|CS|TAMS 0x00000000ce500000| PB 0x00000000ce500000| Complete |  0
| 148|0x00000000ce600000, 0x00000000ce700000, 0x00000000ce700000|100%| E|CS|TAMS 0x00000000ce600000| PB 0x00000000ce600000| Complete |  0
| 149|0x00000000ce700000, 0x00000000ce800000, 0x00000000ce800000|100%| E|CS|TAMS 0x00000000ce700000| PB 0x00000000ce700000| Complete |  0
| 150|0x00000000ce800000, 0x00000000ce900000, 0x00000000ce900000|100%| E|CS|TAMS 0x00000000ce800000| PB 0x00000000ce800000| Complete |  0
| 151|0x00000000ce900000, 0x00000000cea00000, 0x00000000cea00000|100%| E|CS|TAMS 0x00000000ce900000| PB 0x00000000ce900000| Complete |  0
| 152|0x00000000cea00000, 0x00000000ceb00000, 0x00000000ceb00000|100%| E|CS|TAMS 0x00000000cea00000| PB 0x00000000cea00000| Complete |  0
| 153|0x00000000ceb00000, 0x00000000cec00000, 0x00000000cec00000|100%| E|CS|TAMS 0x00000000ceb00000| PB 0x00000000ceb00000| Complete |  0
| 154|0x00000000cec00000, 0x00000000ced00000, 0x00000000ced00000|100%| E|CS|TAMS 0x00000000cec00000| PB 0x00000000cec00000| Complete |  0
| 155|0x00000000ced00000, 0x00000000cee00000, 0x00000000cee00000|100%| E|CS|TAMS 0x00000000ced00000| PB 0x00000000ced00000| Complete |  0
| 156|0x00000000cee00000, 0x00000000cef00000, 0x00000000cef00000|100%| E|CS|TAMS 0x00000000cee00000| PB 0x00000000cee00000| Complete |  0
| 157|0x00000000cef00000, 0x00000000cf000000, 0x00000000cf000000|100%| E|CS|TAMS 0x00000000cef00000| PB 0x00000000cef00000| Complete |  0
| 158|0x00000000cf000000, 0x00000000cf100000, 0x00000000cf100000|100%| E|CS|TAMS 0x00000000cf000000| PB 0x00000000cf000000| Complete |  0
| 159|0x00000000cf100000, 0x00000000cf200000, 0x00000000cf200000|100%| E|CS|TAMS 0x00000000cf100000| PB 0x00000000cf100000| Complete |  0
| 160|0x00000000cf200000, 0x00000000cf300000, 0x00000000cf300000|100%| E|CS|TAMS 0x00000000cf200000| PB 0x00000000cf200000| Complete |  0
| 161|0x00000000cf300000, 0x00000000cf400000, 0x00000000cf400000|100%| E|CS|TAMS 0x00000000cf300000| PB 0x00000000cf300000| Complete |  0
| 162|0x00000000cf400000, 0x00000000cf500000, 0x00000000cf500000|100%| E|CS|TAMS 0x00000000cf400000| PB 0x00000000cf400000| Complete |  0
| 163|0x00000000cf500000, 0x00000000cf600000, 0x00000000cf600000|100%| E|CS|TAMS 0x00000000cf500000| PB 0x00000000cf500000| Complete |  0
| 164|0x00000000cf600000, 0x00000000cf700000, 0x00000000cf700000|100%| E|CS|TAMS 0x00000000cf600000| PB 0x00000000cf600000| Complete |  0
| 165|0x00000000cf700000, 0x00000000cf800000, 0x00000000cf800000|100%| E|CS|TAMS 0x00000000cf700000| PB 0x00000000cf700000| Complete |  0
| 166|0x00000000cf800000, 0x00000000cf900000, 0x00000000cf900000|100%| E|CS|TAMS 0x00000000cf800000| PB 0x00000000cf800000| Complete |  0
| 167|0x00000000cf900000, 0x00000000cfa00000, 0x00000000cfa00000|100%| E|CS|TAMS 0x00000000cf900000| PB 0x00000000cf900000| Complete |  0
| 168|0x00000000cfa00000, 0x00000000cfb00000, 0x00000000cfb00000|100%| E|CS|TAMS 0x00000000cfa00000| PB 0x00000000cfa00000| Complete |  0
| 169|0x00000000cfb00000, 0x00000000cfc00000, 0x00000000cfc00000|100%| E|CS|TAMS 0x00000000cfb00000| PB 0x00000000cfb00000| Complete |  0
| 170|0x00000000cfc00000, 0x00000000cfd00000, 0x00000000cfd00000|100%| E|CS|TAMS 0x00000000cfc00000| PB 0x00000000cfc00000| Complete |  0
| 171|0x00000000cfd00000, 0x00000000cfe00000, 0x00000000cfe00000|100%| E|CS|TAMS 0x00000000cfd00000| PB 0x00000000cfd00000| Complete |  0
| 172|0x00000000cfe00000, 0x00000000cff00000, 0x00000000cff00000|100%| E|CS|TAMS 0x00000000cfe00000| PB 0x00000000cfe00000| Complete |  0
| 208|0x00000000d2200000, 0x00000000d2300000, 0x00000000d2300000|100%| E|CS|TAMS 0x00000000d2200000| PB 0x00000000d2200000| Complete |  0
| 209|0x00000000d2300000, 0x00000000d2400000, 0x00000000d2400000|100%| E|CS|TAMS 0x00000000d2300000| PB 0x00000000d2300000| Complete |  0
| 210|0x00000000d2400000, 0x00000000d2500000, 0x00000000d2500000|100%| E|CS|TAMS 0x00000000d2400000| PB 0x00000000d2400000| Complete |  0
| 211|0x00000000d2500000, 0x00000000d2600000, 0x00000000d2600000|100%| E|CS|TAMS 0x00000000d2500000| PB 0x00000000d2500000| Complete |  0
| 934|0x00000000ff800000, 0x00000000ff900000, 0x00000000ff900000|100%| E|CS|TAMS 0x00000000ff800000| PB 0x00000000ff800000| Complete |  0
| 935|0x00000000ff900000, 0x00000000ffa00000, 0x00000000ffa00000|100%| E|CS|TAMS 0x00000000ff900000| PB 0x00000000ff900000| Complete |  0
| 936|0x00000000ffa00000, 0x00000000ffb00000, 0x00000000ffb00000|100%| E|CS|TAMS 0x00000000ffa00000| PB 0x00000000ffa00000| Complete |  0
| 937|0x00000000ffb00000, 0x00000000ffc00000, 0x00000000ffc00000|100%| E|CS|TAMS 0x00000000ffb00000| PB 0x00000000ffb00000| Complete |  0
| 938|0x00000000ffc00000, 0x00000000ffd00000, 0x00000000ffd00000|100%| E|CS|TAMS 0x00000000ffc00000| PB 0x00000000ffc00000| Complete |  0
| 939|0x00000000ffd00000, 0x00000000ffe00000, 0x00000000ffe00000|100%| E|CS|TAMS 0x00000000ffd00000| PB 0x00000000ffd00000| Complete |  0
| 940|0x00000000ffe00000, 0x00000000fff00000, 0x00000000fff00000|100%| O|  |TAMS 0x00000000ffe00000| PB 0x00000000ffe00000| Untracked |  0
| 941|0x00000000fff00000, 0x0000000100000000, 0x0000000100000000|100%| E|CS|TAMS 0x00000000fff00000| PB 0x00000000fff00000| Complete |  0

Card table byte_map: [0x000002e5a9720000,0x000002e5a9900000] _byte_map_base: 0x000002e5a90f7000

Marking Bits: (CMBitMap*) 0x000002e59136cbd0
 Bits: [0x000002e5a9900000, 0x000002e5aa7b8000)

Polling page: 0x000002e590af0000

Metaspace:
Metaspace        used 114172K, committed 115008K, reserved 1179648K
 class space     used 12206K, committed 12672K, reserved 1048576K

Usage:
  Non-class:     99.58 MB used.
      Class:     11.92 MB used.
       Both:    111.50 MB used.

Virtual space:
  Non-class space:      128.00 MB reserved,      99.94 MB ( 78%) committed,  2 nodes.
      Class space:        1.00 GB reserved,      12.38 MB (  1%) committed,  1 nodes.
             Both:        1.12 GB reserved,     112.31 MB ( 10%) committed. 

Chunk freelists:
   Non-Class:  11.80 MB
       Class:  3.71 MB
        Both:  15.51 MB

MaxMetaspaceSize: unlimited
CompressedClassSpaceSize: 1.00 GB
Initial GC threshold: 21.00 MB
Current GC threshold: 187.00 MB
CDS: on
 - commit_granule_bytes: 65536.
 - commit_granule_words: 8192.
 - virtual_space_node_default_size: 8388608.
 - enlarge_chunks_in_place: 1.
UseCompressedClassPointers 1, UseCompactObjectHeaders 0
Narrow klass pointer bits 32, Max shift 3
Narrow klass base: 0x000000001d000000, Narrow klass shift: 0
Encoding Range: [0x000000001d000000 - 0x000000011d000000), (4294967296 bytes)
Klass Range:    [0x000000001d010000 - 0x000000005e000000), (1090453504 bytes)
Klass ID Range:  [65536 - 1090519033) (1090453497)
Protection zone: [0x000000001d000000 - 0x000000001d010000), (65536 bytes)


Internal statistics:

num_allocs_failed_limit: 11.
num_arena_births: 1386.
num_arena_deaths: 424.
num_vsnodes_births: 3.
num_vsnodes_deaths: 0.
num_space_committed: 1797.
num_space_uncommitted: 0.
num_chunks_returned_to_freelist: 458.
num_chunks_taken_from_freelist: 5661.
num_chunk_merges: 112.
num_chunk_splits: 3966.
num_chunks_enlarged: 3245.
num_inconsistent_stats: 0.

CodeHeap 'non-profiled nmethods': size=119232Kb used=6207Kb max_used=7608Kb free=113024Kb
 bounds [0x000002e5a1730000, 0x000002e5a1ea0000, 0x000002e5a8ba0000]
CodeHeap 'profiled nmethods': size=119104Kb used=13996Kb max_used=20765Kb free=105107Kb
 bounds [0x000002e599ba0000, 0x000002e59aff0000, 0x000002e5a0ff0000]
CodeHeap 'non-nmethods': size=7424Kb used=2341Kb max_used=3455Kb free=5083Kb
 bounds [0x000002e5a0ff0000, 0x000002e5a13e0000, 0x000002e5a1730000]
CodeCache: size=245760Kb, used=22544Kb, max_used=31828Kb, free=223214Kb
 total_blobs=10607, nmethods=9721, adapters=786, full_count=0
Compilation: enabled, stopped_count=0, restarted_count=0

Compilation events (20 events):
Event: 3313.624 Thread 0x000002e5ad76b230 23082       3       org.springframework.http.HttpHeaders::getOrigin (8 bytes)
Event: 3313.624 Thread 0x000002e5ad76b230 nmethod 23082 0x000002e599df4408 code [0x000002e599df4500, 0x000002e599df46d8]
Event: 3313.624 Thread 0x000002e5ad76b230 23083       3       org.springframework.web.cors.DefaultCorsProcessor::checkOrigin (6 bytes)
Event: 3313.624 Thread 0x000002e5ad76b230 nmethod 23083 0x000002e599e09988 code [0x000002e599e09a80, 0x000002e599e09be0]
Event: 3313.624 Thread 0x000002e5ad76b230 23089       3       org.springframework.web.cors.DefaultCorsProcessor::getHeadersToUse (30 bytes)
Event: 3313.629 Thread 0x000002e5ad76b230 nmethod 23089 0x000002e59a091d88 code [0x000002e59a091e80, 0x000002e59a092388]
Event: 3313.629 Thread 0x000002e5ad76b230 23077       3       org.apache.catalina.connector.Request::getScheme (11 bytes)
Event: 3313.629 Thread 0x000002e5ad76b230 nmethod 23077 0x000002e59a069e88 code [0x000002e59a069f80, 0x000002e59a06a1d8]
Event: 3313.629 Thread 0x000002e5ad76b230 23078       3       org.apache.catalina.connector.RequestFacade::getScheme (12 bytes)
Event: 3313.629 Thread 0x000002e5ad76b230 nmethod 23078 0x000002e59a0a0588 code [0x000002e59a0a0680, 0x000002e59a0a0b10]
Event: 3313.629 Thread 0x000002e5ad76b230 23080       3       org.apache.catalina.connector.Request::getServerPort (8 bytes)
Event: 3313.629 Thread 0x000002e5ad76b230 nmethod 23080 0x000002e599e0b288 code [0x000002e599e0b380, 0x000002e599e0b528]
Event: 3313.629 Thread 0x000002e5ad76b230 23084       3       org.springframework.web.cors.CorsConfiguration::checkOrigin (169 bytes)
Event: 3313.637 Thread 0x000002e5ad76b230 nmethod 23084 0x000002e599e27e88 code [0x000002e599e27f80, 0x000002e599e29f90]
Event: 3313.676 Thread 0x000002e5b59199c0 nmethod 22981 0x000002e59a378588 code [0x000002e59a378680, 0x000002e59a37fd50]
Event: 3313.687 Thread 0x000002e5ad761f80 23092       4       jdk.internal.loader.BuiltinClassLoader::findResources (175 bytes)
Event: 3314.721 Thread 0x000002e5b59199c0 23094       3       java.util.concurrent.SynchronousQueue::xfer (31 bytes)
Event: 3314.722 Thread 0x000002e5ad76b230 23095       3       java.util.concurrent.LinkedTransferQueue::xfer (358 bytes)
Event: 3314.724 Thread 0x000002e5b59199c0 nmethod 23094 0x000002e59a217008 code [0x000002e59a217100, 0x000002e59a2173e8]
Event: 3314.736 Thread 0x000002e5ad76b230 nmethod 23095 0x000002e59a8f6f88 code [0x000002e59a8f7080, 0x000002e59a8f8e30]

GC Heap Usage History (20 events):
Event: 2929.097 {heap Before GC invocations=311 (full 0):
 garbage-first heap   total reserved 964608K, committed 181248K, used 159917K [0x00000000c5200000, 0x0000000100000000)
  region size 1024K, 106 young (108544K), 1 survivors (1024K)
}
Event: 2929.168 {heap After GC invocations=312 (full 0):
 garbage-first heap   total reserved 964608K, committed 181248K, used 52398K [0x00000000c5200000, 0x0000000100000000)
  region size 1024K, 1 young (1024K), 1 survivors (1024K)
}
Event: 2960.577 {heap Before GC invocations=312 (full 0):
 garbage-first heap   total reserved 964608K, committed 181248K, used 159918K [0x00000000c5200000, 0x0000000100000000)
  region size 1024K, 106 young (108544K), 1 survivors (1024K)
}
Event: 2960.798 {heap After GC invocations=313 (full 0):
 garbage-first heap   total reserved 964608K, committed 181248K, used 52376K [0x00000000c5200000, 0x0000000100000000)
  region size 1024K, 1 young (1024K), 1 survivors (1024K)
}
Event: 2987.280 {heap Before GC invocations=314 (full 0):
 garbage-first heap   total reserved 964608K, committed 181248K, used 159896K [0x00000000c5200000, 0x0000000100000000)
  region size 1024K, 106 young (108544K), 1 survivors (1024K)
}
Event: 2987.390 {heap After GC invocations=315 (full 0):
 garbage-first heap   total reserved 964608K, committed 181248K, used 52101K [0x00000000c5200000, 0x0000000100000000)
  region size 1024K, 1 young (1024K), 1 survivors (1024K)
}
Event: 2995.559 {heap Before GC invocations=315 (full 0):
 garbage-first heap   total reserved 964608K, committed 181248K, used 158597K [0x00000000c5200000, 0x0000000100000000)
  region size 1024K, 106 young (108544K), 1 survivors (1024K)
}
Event: 2995.588 {heap After GC invocations=316 (full 0):
 garbage-first heap   total reserved 964608K, committed 181248K, used 52346K [0x00000000c5200000, 0x0000000100000000)
  region size 1024K, 1 young (1024K), 1 survivors (1024K)
}
Event: 3026.483 {heap Before GC invocations=316 (full 0):
 garbage-first heap   total reserved 964608K, committed 181248K, used 159866K [0x00000000c5200000, 0x0000000100000000)
  region size 1024K, 106 young (108544K), 1 survivors (1024K)
}
Event: 3026.670 {heap After GC invocations=317 (full 0):
 garbage-first heap   total reserved 964608K, committed 181248K, used 52496K [0x00000000c5200000, 0x0000000100000000)
  region size 1024K, 1 young (1024K), 1 survivors (1024K)
}
Event: 3036.632 {heap Before GC invocations=318 (full 0):
 garbage-first heap   total reserved 964608K, committed 181248K, used 160016K [0x00000000c5200000, 0x0000000100000000)
  region size 1024K, 106 young (108544K), 1 survivors (1024K)
}
Event: 3036.651 {heap After GC invocations=319 (full 0):
 garbage-first heap   total reserved 964608K, committed 181248K, used 52500K [0x00000000c5200000, 0x0000000100000000)
  region size 1024K, 1 young (1024K), 1 survivors (1024K)
}
Event: 3038.325 {heap Before GC invocations=319 (full 0):
 garbage-first heap   total reserved 964608K, committed 181248K, used 160020K [0x00000000c5200000, 0x0000000100000000)
  region size 1024K, 106 young (108544K), 1 survivors (1024K)
}
Event: 3038.348 {heap After GC invocations=320 (full 0):
 garbage-first heap   total reserved 964608K, committed 181248K, used 52503K [0x00000000c5200000, 0x0000000100000000)
  region size 1024K, 1 young (1024K), 1 survivors (1024K)
}
Event: 3084.585 {heap Before GC invocations=320 (full 0):
 garbage-first heap   total reserved 964608K, committed 181248K, used 160023K [0x00000000c5200000, 0x0000000100000000)
  region size 1024K, 106 young (108544K), 1 survivors (1024K)
}
Event: 3084.721 {heap After GC invocations=321 (full 0):
 garbage-first heap   total reserved 964608K, committed 181248K, used 52643K [0x00000000c5200000, 0x0000000100000000)
  region size 1024K, 1 young (1024K), 1 survivors (1024K)
}
Event: 3100.737 {heap Before GC invocations=322 (full 0):
 garbage-first heap   total reserved 964608K, committed 181248K, used 160163K [0x00000000c5200000, 0x0000000100000000)
  region size 1024K, 106 young (108544K), 1 survivors (1024K)
}
Event: 3101.032 {heap After GC invocations=323 (full 0):
 garbage-first heap   total reserved 964608K, committed 181248K, used 52636K [0x00000000c5200000, 0x0000000100000000)
  region size 1024K, 1 young (1024K), 1 survivors (1024K)
}
Event: 3104.750 {heap Before GC invocations=323 (full 0):
 garbage-first heap   total reserved 964608K, committed 181248K, used 160156K [0x00000000c5200000, 0x0000000100000000)
  region size 1024K, 106 young (108544K), 1 survivors (1024K)
}
Event: 3105.027 {heap After GC invocations=324 (full 0):
 garbage-first heap   total reserved 964608K, committed 181248K, used 52656K [0x00000000c5200000, 0x0000000100000000)
  region size 1024K, 1 young (1024K), 1 survivors (1024K)
}

Metaspace Usage History (20 events):
Event: 2929.098 {metaspace Before GC invocations=311 (full 0):
 Metaspace       used 113976K, committed 114752K, reserved 1179648K
  class space    used 12203K, committed 12672K, reserved 1048576K
}
Event: 2929.168 {metaspace After GC invocations=312 (full 0):
 Metaspace       used 113976K, committed 114752K, reserved 1179648K
  class space    used 12203K, committed 12672K, reserved 1048576K
}
Event: 2960.579 {metaspace Before GC invocations=312 (full 0):
 Metaspace       used 113979K, committed 114752K, reserved 1179648K
  class space    used 12204K, committed 12672K, reserved 1048576K
}
Event: 2960.798 {metaspace After GC invocations=313 (full 0):
 Metaspace       used 113979K, committed 114752K, reserved 1179648K
  class space    used 12204K, committed 12672K, reserved 1048576K
}
Event: 2987.281 {metaspace Before GC invocations=314 (full 0):
 Metaspace       used 113988K, committed 114816K, reserved 1179648K
  class space    used 12204K, committed 12672K, reserved 1048576K
}
Event: 2987.390 {metaspace After GC invocations=315 (full 0):
 Metaspace       used 113988K, committed 114816K, reserved 1179648K
  class space    used 12204K, committed 12672K, reserved 1048576K
}
Event: 2995.559 {metaspace Before GC invocations=315 (full 0):
 Metaspace       used 113988K, committed 114816K, reserved 1179648K
  class space    used 12204K, committed 12672K, reserved 1048576K
}
Event: 2995.588 {metaspace After GC invocations=316 (full 0):
 Metaspace       used 113988K, committed 114816K, reserved 1179648K
  class space    used 12204K, committed 12672K, reserved 1048576K
}
Event: 3026.484 {metaspace Before GC invocations=316 (full 0):
 Metaspace       used 114022K, committed 114880K, reserved 1179648K
  class space    used 12204K, committed 12672K, reserved 1048576K
}
Event: 3026.670 {metaspace After GC invocations=317 (full 0):
 Metaspace       used 114022K, committed 114880K, reserved 1179648K
  class space    used 12204K, committed 12672K, reserved 1048576K
}
Event: 3036.632 {metaspace Before GC invocations=318 (full 0):
 Metaspace       used 114028K, committed 114880K, reserved 1179648K
  class space    used 12204K, committed 12672K, reserved 1048576K
}
Event: 3036.651 {metaspace After GC invocations=319 (full 0):
 Metaspace       used 114028K, committed 114880K, reserved 1179648K
  class space    used 12204K, committed 12672K, reserved 1048576K
}
Event: 3038.325 {metaspace Before GC invocations=319 (full 0):
 Metaspace       used 114028K, committed 114880K, reserved 1179648K
  class space    used 12204K, committed 12672K, reserved 1048576K
}
Event: 3038.348 {metaspace After GC invocations=320 (full 0):
 Metaspace       used 114028K, committed 114880K, reserved 1179648K
  class space    used 12204K, committed 12672K, reserved 1048576K
}
Event: 3084.586 {metaspace Before GC invocations=320 (full 0):
 Metaspace       used 114032K, committed 114880K, reserved 1179648K
  class space    used 12204K, committed 12672K, reserved 1048576K
}
Event: 3084.721 {metaspace After GC invocations=321 (full 0):
 Metaspace       used 114032K, committed 114880K, reserved 1179648K
  class space    used 12204K, committed 12672K, reserved 1048576K
}
Event: 3100.739 {metaspace Before GC invocations=322 (full 0):
 Metaspace       used 114067K, committed 114880K, reserved 1179648K
  class space    used 12204K, committed 12672K, reserved 1048576K
}
Event: 3101.032 {metaspace After GC invocations=323 (full 0):
 Metaspace       used 114067K, committed 114880K, reserved 1179648K
  class space    used 12204K, committed 12672K, reserved 1048576K
}
Event: 3104.753 {metaspace Before GC invocations=323 (full 0):
 Metaspace       used 114067K, committed 114880K, reserved 1179648K
  class space    used 12204K, committed 12672K, reserved 1048576K
}
Event: 3105.027 {metaspace After GC invocations=324 (full 0):
 Metaspace       used 114067K, committed 114880K, reserved 1179648K
  class space    used 12204K, committed 12672K, reserved 1048576K
}

Dll operation events (12 events):
Event: 0.042 Loaded shared library C:\Program Files\Java\jdk-25\bin\java.dll
Event: 0.421 Loaded shared library C:\Program Files\Java\jdk-25\bin\zip.dll
Event: 0.423 Loaded shared library C:\Program Files\Java\jdk-25\bin\instrument.dll
Event: 0.428 Loaded shared library C:\Program Files\Java\jdk-25\bin\net.dll
Event: 0.430 Loaded shared library C:\Program Files\Java\jdk-25\bin\nio.dll
Event: 0.432 Loaded shared library C:\Program Files\Java\jdk-25\bin\zip.dll
Event: 0.787 Loaded shared library C:\Program Files\Java\jdk-25\bin\extnet.dll
Event: 0.838 Loaded shared library C:\Program Files\Java\jdk-25\bin\jimage.dll
Event: 3.135 Loaded shared library C:\Program Files\Java\jdk-25\bin\sunmscapi.dll
Event: 6.838 Loaded shared library C:\Program Files\Java\jdk-25\bin\management.dll
Event: 6.842 Loaded shared library C:\Program Files\Java\jdk-25\bin\management_ext.dll
Event: 8.015 Loaded shared library C:\Program Files\Java\jdk-25\bin\verify.dll

Deoptimization events (20 events):
Event: 2917.062 Thread 0x000002e5b4143180 DEOPT PACKING pc=0x000002e5a180bec0 sp=0x000000f5815fee30
Event: 2917.068 Thread 0x000002e5b4143180 DEOPT UNPACKING pc=0x000002e5a110f582 sp=0x000000f5815feda8 mode 2
Event: 2917.096 Thread 0x000002e5b4143180 Uncommon trap: trap_request=0xffffffd6 fr.pc=0x000002e5a180bec0 relative=0x00000000000002c0
Event: 2917.096 Thread 0x000002e5b4143180 Uncommon trap: reason=array_check action=maybe_recompile pc=0x000002e5a180bec0 method=java.util.HashMap.valuesToArray([Ljava/lang/Object;)[Ljava/lang/Object; @ 62 c2
Event: 2917.096 Thread 0x000002e5b4143180 DEOPT PACKING pc=0x000002e5a180bec0 sp=0x000000f5815fed60
Event: 2917.097 Thread 0x000002e5b4143180 DEOPT UNPACKING pc=0x000002e5a110f582 sp=0x000000f5815fecd8 mode 2
Event: 2924.321 Thread 0x000002e5b56abfd0 Uncommon trap: trap_request=0xffffff45 fr.pc=0x000002e5a1cb0ef0 relative=0x00000000000000f0
Event: 2924.323 Thread 0x000002e5b56abfd0 Uncommon trap: reason=unstable_if action=reinterpret pc=0x000002e5a1cb0ef0 method=java.util.concurrent.locks.ReentrantLock$Sync.tryLock()Z @ 34 c2
Event: 2924.327 Thread 0x000002e5b56abfd0 DEOPT PACKING pc=0x000002e5a1cb0ef0 sp=0x000000f5821f72b0
Event: 2924.331 Thread 0x000002e5b56abfd0 DEOPT UNPACKING pc=0x000002e5a110f582 sp=0x000000f5821f7230 mode 2
Event: 2927.101 Thread 0x000002e5b4141240 Uncommon trap: trap_request=0xffffffd6 fr.pc=0x000002e5a180bec0 relative=0x00000000000002c0
Event: 2927.102 Thread 0x000002e5b4141240 Uncommon trap: reason=array_check action=maybe_recompile pc=0x000002e5a180bec0 method=java.util.HashMap.valuesToArray([Ljava/lang/Object;)[Ljava/lang/Object; @ 62 c2
Event: 2927.103 Thread 0x000002e5b4141240 DEOPT PACKING pc=0x000002e5a180bec0 sp=0x000000f5816febb0
Event: 2927.105 Thread 0x000002e5b4141240 DEOPT UNPACKING pc=0x000002e5a110f582 sp=0x000000f5816feb28 mode 2
Event: 2927.119 Thread 0x000002e5b4141240 Uncommon trap: trap_request=0xffffffd6 fr.pc=0x000002e5a180bec0 relative=0x00000000000002c0
Event: 2927.119 Thread 0x000002e5b4141240 Uncommon trap: reason=array_check action=maybe_recompile pc=0x000002e5a180bec0 method=java.util.HashMap.valuesToArray([Ljava/lang/Object;)[Ljava/lang/Object; @ 62 c2
Event: 2927.119 Thread 0x000002e5b4141240 DEOPT PACKING pc=0x000002e5a180bec0 sp=0x000000f5816feae0
Event: 2927.119 Thread 0x000002e5b4141240 DEOPT UNPACKING pc=0x000002e5a110f582 sp=0x000000f5816fea58 mode 2
Event: 3003.093 Thread 0x000002e5b6736530 DEOPT PACKING pc=0x000002e59a8c983d sp=0x000000f5814fdc40
Event: 3003.096 Thread 0x000002e5b6736530 DEOPT UNPACKING pc=0x000002e5a1041702 sp=0x000000f5814fd0c0 mode 0

Classes loaded (20 events):
Event: 71.319 Loading class sun/nio/ch/AllocatedNativeObject
Event: 71.323 Loading class sun/nio/ch/NativeObject
Event: 71.326 Loading class sun/nio/ch/NativeObject done
Event: 71.326 Loading class sun/nio/ch/AllocatedNativeObject done
Event: 870.500 Loading class java/lang/classfile/CodeModel
Event: 870.576 Loading class java/lang/classfile/CodeModel done
Event: 888.308 Loading class jdk/internal/reflect/MethodHandleBooleanFieldAccessorImpl
Event: 888.337 Loading class jdk/internal/reflect/MethodHandleBooleanFieldAccessorImpl done
Event: 1226.572 Loading class java/util/function/LongSupplier
Event: 1226.592 Loading class java/util/function/LongSupplier done
Event: 1459.267 Loading class java/util/concurrent/locks/AbstractQueuedLongSynchronizer$Node
Event: 1459.330 Loading class java/util/concurrent/locks/AbstractQueuedLongSynchronizer$Node done
Event: 1558.651 Loading class sun/security/ssl/Alert
Event: 1558.797 Loading class sun/security/ssl/Alert done
Event: 1558.833 Loading class sun/security/ssl/Alert$AlertConsumer
Event: 1558.875 Loading class sun/security/ssl/Alert$AlertConsumer done
Event: 1558.876 Loading class sun/security/ssl/Alert$Level
Event: 1558.884 Loading class sun/security/ssl/Alert$Level done
Event: 1559.039 Loading class sun/net/ConnectionResetException
Event: 1559.052 Loading class sun/net/ConnectionResetException done

Classes unloaded (20 events):
Event: 2584.112 Thread 0x000002e5ad740ea0 Unloading class 0x000000001ea53800 'java/lang/invoke/LambdaForm$MH+0x000000001ea53800'
Event: 2584.113 Thread 0x000002e5ad740ea0 Unloading class 0x000000001ea60800 'java/lang/invoke/LambdaForm$MH+0x000000001ea60800'
Event: 2584.113 Thread 0x000002e5ad740ea0 Unloading class 0x000000001ea98800 'java/lang/invoke/LambdaForm$BMH+0x000000001ea98800'
Event: 2584.114 Thread 0x000002e5ad740ea0 Unloading class 0x000000001ec10000 'java/lang/invoke/LambdaForm$MH+0x000000001ec10000'
Event: 2584.114 Thread 0x000002e5ad740ea0 Unloading class 0x000000001ec4c400 'java/lang/invoke/LambdaForm$MH+0x000000001ec4c400'
Event: 2584.114 Thread 0x000002e5ad740ea0 Unloading class 0x000000001ec4d800 'java/lang/invoke/LambdaForm$MH+0x000000001ec4d800'
Event: 2584.115 Thread 0x000002e5ad740ea0 Unloading class 0x000000001e3a4400 'java/lang/invoke/LambdaForm$MH+0x000000001e3a4400'
Event: 2584.115 Thread 0x000002e5ad740ea0 Unloading class 0x000000001ec54400 'java/lang/invoke/LambdaForm$MH+0x000000001ec54400'
Event: 2584.115 Thread 0x000002e5ad740ea0 Unloading class 0x000000001e9c4400 'java/lang/invoke/LambdaForm$MH+0x000000001e9c4400'
Event: 2584.117 Thread 0x000002e5ad740ea0 Unloading class 0x000000001e9c4000 'java/lang/invoke/LambdaForm$MH+0x000000001e9c4000'
Event: 2584.117 Thread 0x000002e5ad740ea0 Unloading class 0x000000001e9b4c00 'java/lang/invoke/LambdaForm$MH+0x000000001e9b4c00'
Event: 2584.117 Thread 0x000002e5ad740ea0 Unloading class 0x000000001e7cc800 'java/lang/invoke/LambdaForm$MH+0x000000001e7cc800'
Event: 2584.118 Thread 0x000002e5ad740ea0 Unloading class 0x000000001e3a4000 'java/lang/invoke/LambdaForm$MH+0x000000001e3a4000'
Event: 2584.118 Thread 0x000002e5ad740ea0 Unloading class 0x000000001e39cc00 'java/lang/invoke/LambdaForm$MH+0x000000001e39cc00'
Event: 2584.118 Thread 0x000002e5ad740ea0 Unloading class 0x000000001e39c800 'java/lang/invoke/LambdaForm$MH+0x000000001e39c800'
Event: 2584.119 Thread 0x000002e5ad740ea0 Unloading class 0x000000001e356400 'java/lang/invoke/LambdaForm$MH+0x000000001e356400'
Event: 2584.119 Thread 0x000002e5ad740ea0 Unloading class 0x000000001e355400 'java/lang/invoke/LambdaForm$BMH+0x000000001e355400'
Event: 2584.119 Thread 0x000002e5ad740ea0 Unloading class 0x000000001e1a8000 'java/lang/invoke/LambdaForm$MH+0x000000001e1a8000'
Event: 2584.120 Thread 0x000002e5ad740ea0 Unloading class 0x000000001e06cc00 'java/lang/invoke/LambdaForm$MH+0x000000001e06cc00'
Event: 2658.854 Thread 0x000002e5ad740ea0 Unloading class 0x000000001ec54000 'java/lang/invoke/LambdaForm$MH+0x000000001ec54000'

Classes redefined (0 events):
No events

Internal exceptions (20 events):
Event: 1229.753 Thread 0x000002e5b4147000 Exception <a 'java/lang/IncompatibleClassChangeError'{0x00000000c9abc908}: Found class java.lang.Object, but interface was expected> (0x00000000c9abc908) 
thrown [s\open\src\hotspot\share\interpreter\linkResolver.cpp, line 871]
Event: 1229.762 Thread 0x000002e5b4147000 Exception <a 'java/lang/IncompatibleClassChangeError'{0x00000000c9ac0438}: Found class java.lang.Object, but interface was expected> (0x00000000c9ac0438) 
thrown [s\open\src\hotspot\share\interpreter\linkResolver.cpp, line 871]
Event: 1303.108 Thread 0x000002e5b56abfd0 Exception <a 'java/io/IOException'{0x00000000d153aa20}> (0x00000000d153aa20) 
thrown [s\open\src\hotspot\share\prims\jni.cpp, line 516]
Event: 1303.367 Thread 0x000002e5b56abfd0 Implicit null exception at 0x000002e5a1970651 to 0x000002e5a1970b90
Event: 1303.523 Thread 0x000002e5b56abfd0 Exception <a 'java/io/IOException'{0x00000000d1566a70}> (0x00000000d1566a70) 
thrown [s\open\src\hotspot\share\prims\jni.cpp, line 516]
Event: 1304.142 Thread 0x000002e5b41448f0 Implicit null exception at 0x000002e5a1963cd2 to 0x000002e5a1963f10
Event: 1406.978 Thread 0x000002e5b56af680 Implicit null exception at 0x000002e5a1cb669d to 0x000002e5a1cb684c
Event: 1452.855 Thread 0x000002e5b56b3500 Exception <a 'java/io/IOException'{0x00000000d0e69c58}> (0x00000000d0e69c58) 
thrown [s\open\src\hotspot\share\prims\jni.cpp, line 516]
Event: 1453.130 Thread 0x000002e5b56b3500 Exception <a 'java/io/IOException'{0x00000000d0e74c28}> (0x00000000d0e74c28) 
thrown [s\open\src\hotspot\share\prims\jni.cpp, line 516]
Event: 1559.070 Thread 0x000002e5b6734dc0 Exception <a 'sun/net/ConnectionResetException'{0x00000000cfa8e1e8}: Connection reset> (0x00000000cfa8e1e8) 
thrown [s\open\src\hotspot\share\prims\jni.cpp, line 534]
Event: 1559.286 Thread 0x000002e5b6735590 Implicit null exception at 0x000002e5a1a9c7ff to 0x000002e5a1a9cd40
Event: 1559.338 Thread 0x000002e5b6735590 Implicit null exception at 0x000002e5a18e5cd7 to 0x000002e5a18e5f08
Event: 1560.230 Thread 0x000002e5b6735590 Implicit null exception at 0x000002e5a1a81619 to 0x000002e5a1a81dc4
Event: 1560.600 Thread 0x000002e5b6735590 Implicit null exception at 0x000002e5a1bd72a8 to 0x000002e5a1bd7b84
Event: 1700.806 Thread 0x000002e5b2a79ea0 Implicit null exception at 0x000002e5a1d807c7 to 0x000002e5a1d80c64
Event: 1701.996 Thread 0x000002e5b56af680 Exception <a 'java/io/IOException'{0x00000000d13796c0}> (0x00000000d13796c0) 
thrown [s\open\src\hotspot\share\prims\jni.cpp, line 516]
Event: 1702.068 Thread 0x000002e5b56af680 Exception <a 'java/io/IOException'{0x00000000d08848b8}> (0x00000000d08848b8) 
thrown [s\open\src\hotspot\share\prims\jni.cpp, line 516]
Event: 2623.724 Thread 0x000002e5b56acf70 Implicit null exception at 0x000002e5a1d8138b to 0x000002e5a1d81a38
Event: 2643.406 Thread 0x000002e5b56aeeb0 Implicit null exception at 0x000002e5a1c4e074 to 0x000002e5a1c4e8a4
Event: 2745.389 Thread 0x000002e5b56aeeb0 Implicit null exception at 0x000002e5a18d534a to 0x000002e5a18d55c8

VM Operations (20 events):
Event: 3038.325 Executing safepoint VM operation: G1CollectForAllocation (G1 Evacuation Pause)
Event: 3038.348 Executing safepoint VM operation: G1CollectForAllocation (G1 Evacuation Pause) done
Event: 3066.157 Executing non-safepoint VM operation: HandshakeAllThreads (HandshakeForDeflation)
Event: 3066.168 Executing non-safepoint VM operation: HandshakeAllThreads (HandshakeForDeflation) done
Event: 3066.168 Executing non-safepoint VM operation: RendezvousGCThreads
Event: 3066.169 Executing non-safepoint VM operation: RendezvousGCThreads done
Event: 3084.578 Executing safepoint VM operation: G1CollectForAllocation (G1 Evacuation Pause)
Event: 3084.722 Executing safepoint VM operation: G1CollectForAllocation (G1 Evacuation Pause) done
Event: 3085.178 Executing safepoint VM operation: G1PauseRemark
Event: 3085.344 Executing safepoint VM operation: G1PauseRemark done
Event: 3085.362 Executing safepoint VM operation: G1PauseCleanup
Event: 3085.362 Executing safepoint VM operation: G1PauseCleanup done
Event: 3100.710 Executing safepoint VM operation: G1CollectForAllocation (G1 Evacuation Pause)
Event: 3101.038 Executing safepoint VM operation: G1CollectForAllocation (G1 Evacuation Pause) done
Event: 3104.702 Executing safepoint VM operation: G1CollectForAllocation (G1 Evacuation Pause)
Event: 3105.029 Executing safepoint VM operation: G1CollectForAllocation (G1 Evacuation Pause) done
Event: 3126.382 Executing non-safepoint VM operation: HandshakeAllThreads (HandshakeForDeflation)
Event: 3126.403 Executing non-safepoint VM operation: HandshakeAllThreads (HandshakeForDeflation) done
Event: 3126.404 Executing non-safepoint VM operation: RendezvousGCThreads
Event: 3126.405 Executing non-safepoint VM operation: RendezvousGCThreads done

Memory protections (0 events):
No events

Nmethod flushes (20 events):
Event: 3085.326 Thread 0x000002e5ad740ea0 flushing  nmethod 0x000002e599f47908
Event: 3085.326 Thread 0x000002e5ad740ea0 flushing  nmethod 0x000002e59a058c08
Event: 3085.326 Thread 0x000002e5ad740ea0 flushing  nmethod 0x000002e59a562b08
Event: 3085.327 Thread 0x000002e5ad740ea0 flushing  nmethod 0x000002e59a8c9388
Event: 3085.327 Thread 0x000002e5ad740ea0 flushing  nmethod 0x000002e59a8cd608
Event: 3085.327 Thread 0x000002e5ad740ea0 flushing  nmethod 0x000002e59abd5d08
Event: 3085.328 Thread 0x000002e5ad740ea0 flushing  nmethod 0x000002e59abdc508
Event: 3085.329 Thread 0x000002e5ad740ea0 flushing  nmethod 0x000002e59a148708
Event: 3085.329 Thread 0x000002e5ad740ea0 flushing  nmethod 0x000002e59aaa0808
Event: 3085.329 Thread 0x000002e5ad740ea0 flushing  nmethod 0x000002e599fc2508
Event: 3085.329 Thread 0x000002e5ad740ea0 flushing  nmethod 0x000002e59a1e9288
Event: 3085.329 Thread 0x000002e5ad740ea0 flushing  nmethod 0x000002e59a3ba688
Event: 3085.329 Thread 0x000002e5ad740ea0 flushing  nmethod 0x000002e59a64c808
Event: 3085.330 Thread 0x000002e5ad740ea0 flushing  nmethod 0x000002e59a5f9308
Event: 3085.331 Thread 0x000002e5ad740ea0 flushing  nmethod 0x000002e59abee188
Event: 3085.331 Thread 0x000002e5ad740ea0 flushing  nmethod 0x000002e599c14388
Event: 3085.331 Thread 0x000002e5ad740ea0 flushing  nmethod 0x000002e599d2b388
Event: 3085.332 Thread 0x000002e5ad740ea0 flushing  nmethod 0x000002e59a1f0b88
Event: 3085.332 Thread 0x000002e5ad740ea0 flushing  nmethod 0x000002e59ac7bd88
Event: 3085.332 Thread 0x000002e5ad740ea0 flushing  nmethod 0x000002e59abd4808

Events (20 events):
Event: 3088.712 Thread 0x000002e5b6735590 Thread exited: 0x000002e5b6735590
Event: 3091.302 Thread 0x000002e5b6738c40 Thread exited: 0x000002e5b6738c40
Event: 3097.171 Thread 0x000002e5ad76b230 Thread added: 0x000002e5b59130f0
Event: 3097.657 Thread 0x000002e5b4147000 Thread added: 0x000002e5b6736d00
Event: 3102.728 Thread 0x000002e5b6736d00 Thread exited: 0x000002e5b6736d00
Event: 3104.710 Thread 0x000002e5b59130f0 Thread exited: 0x000002e5b59130f0
Event: 3106.575 Thread 0x000002e5b56b3500 Thread added: 0x000002e5b6736d00
Event: 3107.267 Thread 0x000002e5b6736d00 Thread added: 0x000002e5b6737ca0
Event: 3112.308 Thread 0x000002e5b6736d00 Thread exited: 0x000002e5b6736d00
Event: 3115.897 Thread 0x000002e5b6737ca0 Thread exited: 0x000002e5b6737ca0
Event: 3193.124 Thread 0x000002e5b4bdbce0 Thread added: 0x000002e5b6735590
Event: 3193.573 Thread 0x000002e5b6735590 Thread added: 0x000002e5b6737ca0
Event: 3198.590 Thread 0x000002e5b6735590 Thread exited: 0x000002e5b6735590
Event: 3201.988 Thread 0x000002e5b6737ca0 Thread exited: 0x000002e5b6737ca0
Event: 3269.856 Thread 0x000002e5b4bdbce0 Thread added: 0x000002e5b6738c40
Event: 3270.368 Thread 0x000002e5b6738c40 Thread added: 0x000002e5b6735590
Event: 3275.387 Thread 0x000002e5b6738c40 Thread exited: 0x000002e5b6738c40
Event: 3278.367 Thread 0x000002e5b6735590 Thread exited: 0x000002e5b6735590
Event: 3313.530 Thread 0x000002e5ad76b230 Thread added: 0x000002e5b59199c0
Event: 3314.740 Thread 0x000002e5b56abfd0 Thread added: 0x000002e5b6738c40


Dynamic libraries:
0x00007ff673620000 - 0x00007ff673630000 	C:\Program Files\Java\jdk-25\bin\java.exe
0x00007fff64a60000 - 0x00007fff64cc7000 	C:\WINDOWS\SYSTEM32\ntdll.dll
0x00007fff62c10000 - 0x00007fff62cd9000 	C:\WINDOWS\System32\KERNEL32.DLL
0x00007fff62140000 - 0x00007fff62534000 	C:\WINDOWS\System32\KERNELBASE.dll
0x00007fff61c60000 - 0x00007fff61dab000 	C:\WINDOWS\System32\ucrtbase.dll
0x00007fff5e420000 - 0x00007fff5e43e000 	C:\Program Files\Java\jdk-25\bin\VCRUNTIME140.dll
0x00007fff5e500000 - 0x00007fff5e517000 	C:\Program Files\Java\jdk-25\bin\jli.dll
0x00007fff63b60000 - 0x00007fff63d25000 	C:\WINDOWS\System32\USER32.dll
0x00007fff61f90000 - 0x00007fff61fb7000 	C:\WINDOWS\System32\win32u.dll
0x00007fff632d0000 - 0x00007fff632fb000 	C:\WINDOWS\System32\GDI32.dll
0x00007fff44400000 - 0x00007fff44693000 	C:\WINDOWS\WinSxS\amd64_microsoft.windows.common-controls_6595b64144ccf1df_6.0.26100.8115_none_3e075c82e3354f9c\COMCTL32.dll
0x00007fff61e60000 - 0x00007fff61f8b000 	C:\WINDOWS\System32\gdi32full.dll
0x00007fff63130000 - 0x00007fff631d9000 	C:\WINDOWS\System32\msvcrt.dll
0x00007fff61db0000 - 0x00007fff61e53000 	C:\WINDOWS\System32\msvcp_win.dll
0x00007fff630f0000 - 0x00007fff63122000 	C:\WINDOWS\System32\IMM32.DLL
0x00007fff5c680000 - 0x00007fff5c68c000 	C:\Program Files\Java\jdk-25\bin\vcruntime140_1.dll
0x00007fff5b2c0000 - 0x00007fff5b34d000 	C:\Program Files\Java\jdk-25\bin\msvcp140.dll
0x00007ffee1570000 - 0x00007ffee23cf000 	C:\Program Files\Java\jdk-25\bin\server\jvm.dll
0x00007fff62ed0000 - 0x00007fff62f86000 	C:\WINDOWS\System32\ADVAPI32.dll
0x00007fff63600000 - 0x00007fff636a7000 	C:\WINDOWS\System32\sechost.dll
0x00007fff63a40000 - 0x00007fff63b58000 	C:\WINDOWS\System32\RPCRT4.dll
0x00007fff629e0000 - 0x00007fff62a60000 	C:\WINDOWS\System32\WS2_32.dll
0x00007fff611b0000 - 0x00007fff6120e000 	C:\WINDOWS\SYSTEM32\POWRPROF.dll
0x00007fff59f10000 - 0x00007fff59f1b000 	C:\WINDOWS\SYSTEM32\VERSION.dll
0x00007fff52970000 - 0x00007fff529a6000 	C:\WINDOWS\SYSTEM32\WINMM.dll
0x00007fff61190000 - 0x00007fff611a4000 	C:\WINDOWS\SYSTEM32\UMPDC.dll
0x00007fff60090000 - 0x00007fff600ab000 	C:\WINDOWS\SYSTEM32\kernel.appcore.dll
0x00007fff5c670000 - 0x00007fff5c67a000 	C:\Program Files\Java\jdk-25\bin\jimage.dll
0x00007fff5f3e0000 - 0x00007fff5f622000 	C:\WINDOWS\SYSTEM32\DBGHELP.DLL
0x00007fff636b0000 - 0x00007fff63a32000 	C:\WINDOWS\System32\combase.dll
0x00007fff631f0000 - 0x00007fff632c8000 	C:\WINDOWS\System32\OLEAUT32.dll
0x00007fff3ae50000 - 0x00007fff3ae8b000 	C:\WINDOWS\SYSTEM32\dbgcore.DLL
0x00007fff626b0000 - 0x00007fff62755000 	C:\WINDOWS\System32\bcryptPrimitives.dll
0x00007fff5c640000 - 0x00007fff5c650000 	C:\Program Files\Java\jdk-25\bin\instrument.dll
0x00007fff5c510000 - 0x00007fff5c52f000 	C:\Program Files\Java\jdk-25\bin\java.dll
0x00007fff62a70000 - 0x00007fff62c07000 	C:\WINDOWS\System32\ole32.dll
0x00007fff64240000 - 0x00007fff649a7000 	C:\WINDOWS\System32\SHELL32.dll
0x00007fff62540000 - 0x00007fff626aa000 	C:\WINDOWS\System32\wintypes.dll
0x00007fff613f0000 - 0x00007fff61c58000 	C:\WINDOWS\System32\windows.storage.dll
0x00007fff628b0000 - 0x00007fff629a8000 	C:\WINDOWS\System32\SHCORE.dll
0x00007fff649b0000 - 0x00007fff64a16000 	C:\WINDOWS\System32\shlwapi.dll
0x00007fff61250000 - 0x00007fff61279000 	C:\WINDOWS\SYSTEM32\profapi.dll
0x00007fff5b4c0000 - 0x00007fff5b4d7000 	C:\Program Files\Java\jdk-25\bin\zip.dll
0x00007fff5b520000 - 0x00007fff5b532000 	C:\Program Files\Java\jdk-25\bin\net.dll
0x00007fff60610000 - 0x00007fff6067c000 	C:\WINDOWS\system32\mswsock.dll
0x00007fff5b4e0000 - 0x00007fff5b4f6000 	C:\Program Files\Java\jdk-25\bin\nio.dll
0x00007fff5c5f0000 - 0x00007fff5c5f9000 	C:\Program Files\Java\jdk-25\bin\extnet.dll
0x00007fff5c630000 - 0x00007fff5c63e000 	C:\Program Files\Java\jdk-25\bin\sunmscapi.dll
0x00007fff61fc0000 - 0x00007fff62137000 	C:\WINDOWS\System32\CRYPT32.dll
0x00007fff60b30000 - 0x00007fff60b60000 	C:\WINDOWS\SYSTEM32\ncrypt.dll
0x00007fff60ae0000 - 0x00007fff60b1f000 	C:\WINDOWS\SYSTEM32\NTASN1.dll
0x00007fff60910000 - 0x00007fff6092b000 	C:\WINDOWS\SYSTEM32\CRYPTSP.dll
0x00007fff5fff0000 - 0x00007fff60029000 	C:\WINDOWS\system32\rsaenh.dll
0x00007fff606e0000 - 0x00007fff60713000 	C:\WINDOWS\SYSTEM32\USERENV.dll
0x00007fff61220000 - 0x00007fff6124a000 	C:\WINDOWS\SYSTEM32\bcrypt.dll
0x00007fff60930000 - 0x00007fff6093c000 	C:\WINDOWS\SYSTEM32\CRYPTBASE.dll
0x00007fff5fa60000 - 0x00007fff5fa92000 	C:\WINDOWS\SYSTEM32\IPHLPAPI.DLL
0x00007fff631e0000 - 0x00007fff631ea000 	C:\WINDOWS\System32\NSI.dll
0x00007fff5c590000 - 0x00007fff5c59a000 	C:\Program Files\Java\jdk-25\bin\management.dll
0x00007fff5c4e0000 - 0x00007fff5c4ec000 	C:\Program Files\Java\jdk-25\bin\management_ext.dll
0x00007fff62ce0000 - 0x00007fff62ce8000 	C:\WINDOWS\System32\PSAPI.DLL
0x00007fff5b570000 - 0x00007fff5b580000 	C:\Program Files\Java\jdk-25\bin\verify.dll
0x00007fff5faf0000 - 0x00007fff5fc22000 	C:\WINDOWS\SYSTEM32\DNSAPI.dll
0x00007fff5a220000 - 0x00007fff5a22b000 	C:\Windows\System32\rasadhlp.dll
0x00007fff5aea0000 - 0x00007fff5af26000 	C:\WINDOWS\System32\fwpuclnt.dll
0x00007fff38fb0000 - 0x00007fff38fb8000 	C:\WINDOWS\system32\wshunix.dll
0x00007fff15420000 - 0x00007fff15438000 	C:\WINDOWS\system32\napinsp.dll
0x00007fff15440000 - 0x00007fff15453000 	C:\WINDOWS\System32\winrnr.dll
0x00007fff15460000 - 0x00007fff15482000 	C:\WINDOWS\system32\nlansp_c.dll
0x00007fff29720000 - 0x00007fff29736000 	C:\WINDOWS\system32\wshbth.dll
0x00007fff5abb0000 - 0x00007fff5abcd000 	C:\WINDOWS\SYSTEM32\dhcpcsvc6.DLL
0x00007fff5aa10000 - 0x00007fff5aa35000 	C:\WINDOWS\SYSTEM32\dhcpcsvc.DLL

JVMTI agents:
C:\Program Files\JetBrains\IntelliJ IDEA Community Edition 2025.2.4\lib\idea_rt.jar path:C:\Program Files\Java\jdk-25\bin\instrument.dll, loaded, initialized, instrumentlib options:56654

dbghelp: loaded successfully - version: 4.0.5 - missing functions: none
symbol engine: initialized successfully - sym options: 0x614 - pdb path: .;C:\Program Files\Java\jdk-25\bin;C:\WINDOWS\SYSTEM32;C:\WINDOWS\WinSxS\amd64_microsoft.windows.common-controls_6595b64144ccf1df_6.0.26100.8115_none_3e075c82e3354f9c;C:\Program Files\Java\jdk-25\bin\server

VM Arguments:
jvm_args: -javaagent:C:\Program Files\JetBrains\IntelliJ IDEA Community Edition 2025.2.4\lib\idea_rt.jar=56654 -Dfile.encoding=UTF-8 -Dsun.stdout.encoding=UTF-8 -Dsun.stderr.encoding=UTF-8 
java_command: com.mymindmirror.backend.BackendApplication
java_class_path (initial): E:\My_Mind_Mirror\backend\mymindmirror-backend\target\classes;C:\Users\Hp\.m2\repository\org\springframework\boot\spring-boot-starter-web\3.5.3\spring-boot-starter-web-3.5.3.jar;C:\Users\Hp\.m2\repository\org\springframework\boot\spring-boot-starter\3.5.3\spring-boot-starter-3.5.3.jar;C:\Users\Hp\.m2\repository\org\springframework\boot\spring-boot\3.5.3\spring-boot-3.5.3.jar;C:\Users\Hp\.m2\repository\org\springframework\boot\spring-boot-autoconfigure\3.5.3\spring-boot-autoconfigure-3.5.3.jar;C:\Users\Hp\.m2\repository\org\springframework\boot\spring-boot-starter-logging\3.5.3\spring-boot-starter-logging-3.5.3.jar;C:\Users\Hp\.m2\repository\ch\qos\logback\logback-classic\1.5.18\logback-classic-1.5.18.jar;C:\Users\Hp\.m2\repository\ch\qos\logback\logback-core\1.5.18\logback-core-1.5.18.jar;C:\Users\Hp\.m2\repository\org\apache\logging\log4j\log4j-to-slf4j\2.24.3\log4j-to-slf4j-2.24.3.jar;C:\Users\Hp\.m2\repository\org\apache\logging\log4j\log4j-api\2.24.3\log4j-api-2.24.3.jar;C:\Users\Hp\.m2\repository\org\slf4j\jul-to-slf4j\2.0.17\jul-to-slf4j-2.0.17.jar;C:\Users\Hp\.m2\repository\jakarta\annotation\jakarta.annotation-api\2.1.1\jakarta.annotation-api-2.1.1.jar;C:\Users\Hp\.m2\repository\org\yaml\snakeyaml\2.4\snakeyaml-2.4.jar;C:\Users\Hp\.m2\repository\org\springframework\boot\spring-boot-starter-json\3.5.3\spring-boot-starter-json-3.5.3.jar;C:\Users\Hp\.m2\repository\com\fasterxml\jackson\datatype\jackson-datatype-jdk8\2.19.1\jackson-datatype-jdk8-2.19.1.jar;C:\Users\Hp\.m2\repository\com\fasterxml\jackson\datatype\jackson-datatype-jsr310\2.19.1\jackson-datatype-jsr310-2.19.1.jar;C:\Users\Hp\.m2\repository\com\fasterxml\jackson\module\jackson-module-parameter-names\2.19.1\jackson-module-parameter-names-2.19.1.jar;C:\Users\Hp\.m2\repository\org\springframework\boot\spring-boot-starter-tomcat\3.5.3\spring-boot-starter-tomcat-3.5.3.jar;C:\Users\Hp\.m2\repository\org\apache\tomcat\embed\tomcat-embed-core\10.1.42\tomcat-embed-core-10.1.42.jar;C:\Users\Hp\.m2\repository\org\apache\tomcat\embed\tomcat-embed-websocket\10.1.42\tomcat-embed-websocket-10.1.42.jar;C:\Users\Hp\.m2\repository\org\springframework\spring-web\6.2.8\spring-web-6.2.8.jar;C:\Users\Hp\.m2\repository\org\springframework\spring-beans\6.2.8\spring-beans-6.2.8.jar;C:\Users\Hp\.m2\repository\org\springframework\spring-webmvc\6.2.8\spring-webmvc-6.2.8.jar;C:\Users\Hp\.m2\repository\org\springframework\spring-context\6.2.8\spring-context-6.2.8.jar;C:\Users\Hp\.m2\repository\org\springframework\spring-expression\6.2.8\spring-expression-6.2.8.jar;C:\Users\Hp\.m2\repository\org\springframework\boot\spring-boot-starter-data-jpa\3.5.3\spring-boot-starter-data-jpa-3.5.3.jar;C:\Users\Hp\.m2\repository\org\springframework\boot\spring-boot-starter-jdbc\3.5.3\spring-boot-starter-jdbc-3.5.3.jar;C:\Users\Hp\.m2\repository\com\zaxxer\HikariCP\6.3.0\HikariCP-6.3.0.jar;C:\Users\Hp\.m2\repository\org\springframework\spring-jdbc\6.2.8\spring-jdbc-6.2.8.jar;C:\Users\Hp\.m2\repository\org\hibernate\orm\hibernate-core\6.6.18.Final\hibernate-core-6.6.18.Final.jar;C:\Users\Hp\.m2\repository\jakarta\persistence\jakarta.persistence-api\3.1.0\jakarta.persistence-api-3.1.0.jar;C:\Users\Hp\.m2\repository\jakarta\transaction\jakarta.transaction-api\2.0.1\jakarta.transaction-api-2.0.1.jar;C:\Users\Hp\.m2\repository\org\jboss\logging\jboss-logging\3.6.1.Final\jboss-logging-3.6.1.Final.jar;C:\Users\Hp\.m2\repository\org\hibernate\common\hibernate-commons-annotations\7.0.3.Final\hibernate-commons-annotations-7.0.3.Final.jar;C:\Users\Hp\.m2\repository\io\smallrye\jandex\3.2.0\jandex-3.2.0.jar;C:\Users\Hp\.m2\repository\com\fasterxml\classmate\1.7.0\classmate-1.7.0.jar;C:\Users\Hp\.m2\repository\net\bytebuddy\byte-buddy\1.17.6\byte-buddy-1.17.6.jar;C:\Users\Hp\.m2\repository\org\glassfish\jaxb\jaxb-runtime\4.0.5\jaxb-runtime-4.0.5.jar;C:\Users\Hp\.m2\repository\org\glassfish\jaxb\jaxb-core\4.0.5\jaxb-core-4.0.5.jar;C:\Users\Hp\.m2\repository\org\eclipse\angus\angus-activation\2.0.2\angus-activation-2.0.2.jar;C:\Users\Hp\.m2\repository\org\glassfish\jaxb\txw2\4.0.5\txw2-4.0.5.jar;C:\Users\Hp\.m2\repository\com\sun\istack\istack-commons-runtime\4.1.2\istack-commons-runtime-4.1.2.jar;C:\Users\Hp\.m2\repository\jakarta\inject\jakarta.inject-api\2.0.1\jakarta.inject-api-2.0.1.jar;C:\Users\Hp\.m2\repository\org\antlr\antlr4-runtime\4.13.0\antlr4-runtime-4.13.0.jar;C:\Users\Hp\.m2\repository\org\springframework\data\spring-data-jpa\3.5.1\spring-data-jpa-3.5.1.jar;C:\Users\Hp\.m2\repository\org\springframework\data\spring-data-commons\3.5.1\spring-data-commons-3.5.1.jar;C:\Users\Hp\.m2\repository\org\springframework\spring-orm\6.2.8\spring-orm-6.2.8.jar;C:\Users\Hp\.m2\repository\org\springframework\spring-tx\6.2.8\spring-tx-6.2.8.jar;C:\Users\Hp\.m2\repository\org\springframework\spring-aspects\6.2.8\spring-aspects-6.2.8.jar;C:\Users\Hp\.m2\repository\com\mysql\mysql-connector-j\9.2.0\mysql-connector-j-9.2.0.jar;C:\Users\Hp\.m2\repository\org\springframework\boot\spring-boot-starter-security\3.5.3\spring-boot-starter-security-3.5.3.jar;C:\Users\Hp\.m2\repository\org\springframework\spring-aop\6.2.8\spring-aop-6.2.8.jar;C:\Users\Hp\.m2\repository\org\springframework\security\spring-security-config\6.5.1\spring-security-config-6.5.1.jar;C:\Users\Hp\.m2\repository\org\springframework\security\spring-security-web\6.5.1\spring-security-web-6.5.1.jar;C:\Users\Hp\.m2\repository\org\springframework\boot\spring-boot-starter-webflux\3.5.3\spring-boot-starter-webflux-3.5.3.jar;C:\Users\Hp\.m2\repository\org\springframework\boot\spring-boot-starter-reactor-netty\3.5.3\spring-boot-starter-reactor-netty-3.5.3.jar;C:\Users\Hp\.m2\repository\io\projectreactor\netty\reactor-netty-http\1.2.7\reactor-netty-http-1.2.7.jar;C:\Users\Hp\.m2\repository\io\netty\netty-codec-http\4.1.122.Final\netty-codec-http-4.1.122.Final.jar;C:\Users\Hp\.m2\repository\io\netty\netty-common\4.1.122.Final\netty-common-4.1.122.Final.jar;C:\Users\Hp\.m2\repository\io\netty\netty-buffer\4.1.122.Final\netty-buffer-4.1.122.Final.jar;C:\Users\Hp\.m2\repository\io\netty\netty-transport\4.1.122.Final\netty-transport-4.1.122.Final.jar;C:\Users\Hp\.m2\repository\io\netty\netty-codec\4.1.122.Final\netty-codec-4.1.122.Final.jar;C:\Users\Hp\.m2\repository\io\netty\netty-handler\4.1.122.Final\netty-handler-4.1.122.Final.jar;C:\Users\Hp\.m2\repository\io\netty\netty-codec-http2\4.1.122.Final\netty-codec-http2-4.1.122.Final.jar;C:\Users\Hp\.m2\repository\io\netty\netty-resolver-dns\4.1.122.Final\netty-resolver-dns-4.1.122.Final.jar;C:\Users\Hp\.m2\repository\io\netty\netty-resolver\4.1.122.Final\netty-resolver-4.1.122.Final.jar;C:\Users\Hp\.m2\repository\io\netty\netty-codec-dns\4.1.122.Final\netty-codec-dns-4.1.122.Final.jar;C:\Users\Hp\.m2\repository\io\netty\netty-resolver-dns-native-macos\4.1.122.Final\netty-resolver-dns-native-macos-4.1.122.Final-osx-x86_64.jar;C:\Users\Hp\.m2\repository\io\netty\netty-resolver-dns-classes-macos\4.1.122.Final\netty-resolver-dns-classes-macos-4.1.122.Final.jar;C:\Users\Hp\.m2\repository\io\netty\netty-transport-native-epoll\4.1.122.Final\netty-transport-native-epoll-4.1.122.Final-linux-x86_64.jar;C:\Users\Hp\.m2\repository\io\netty\netty-transport-native-unix-common\4.1.122.Final\netty-transport-native-unix-common-4.1.122.Final.jar;C:\Users\Hp\.m2\repository\io\netty\netty-transport-classes-epoll\4.1.122.Final\netty-transport-classes-epoll-4.1.122.Final.jar;C:\Users\Hp\.m2\repository\io\projectreactor\netty\reactor-netty-core\1.2.7\reactor-netty-core-1.2.7.jar;C:\Users\Hp\.m2\repository\io\netty\netty-handler-proxy\4.1.122.Final\netty-handler-proxy-4.1.122.Final.jar;C:\Users\Hp\.m2\repository\io\netty\netty-codec-socks\4.1.122.Final\netty-codec-socks-4.1.122.Final.jar;C:\Users\Hp\.m2\repository\org\springframework\spring-webflux\6.2.8\spring-webflux-6.2.8.jar;C:\Users\Hp\.m2\repository\io\jsonwebtoken\jjwt-api\0.11.5\jjwt-api-0.11.5.jar;C:\Users\Hp\.m2\repository\io\jsonwebtoken\jjwt-impl\0.11.5\jjwt-impl-0.11.5.jar;C:\Users\Hp\.m2\repository\io\jsonwebtoken\jjwt-jackson\0.11.5\jjwt-jackson-0.11.5.jar;C:\Users\Hp\.m2\repository\com\fasterxml\jackson\core\jackson-databind\2.19.1\jackson-databind-2.19.1.jar;C:\Users\Hp\.m2\repository\com\fasterxml\jackson\core\jackson-annotations\2.19.1\jackson-annotations-2.19.1.jar;C:\Users\Hp\.m2\repository\com\fasterxml\jackson\core\jackson-core\2.19.1\jackson-core-2.19.1.jar;C:\Users\Hp\.m2\repository\org\projectlombok\lombok\1.18.38\lombok-1.18.38.jar;C:\Users\Hp\.m2\repository\jakarta\xml\bind\jakarta.xml.bind-api\4.0.2\jakarta.xml.bind-api-4.0.2.jar;C:\Users\Hp\.m2\repository\jakarta\activation\jakarta.activation-api\2.1.3\jakarta.activation-api-2.1.3.jar;C:\Users\Hp\.m2\repository\org\springframework\spring-core\6.2.8\spring-core-6.2.8.jar;C:\Users\Hp\.m2\repository\org\springframework\spring-jcl\6.2.8\spring-jcl-6.2.8.jar;C:\Users\Hp\.m2\repository\org\springframework\security\spring-security-core\6.5.1\spring-security-core-6.5.1.jar;C:\Users\Hp\.m2\repository\org\springframework\security\spring-security-crypto\6.5.1\spring-security-crypto-6.5.1.jar;C:\Users\Hp\.m2\repository\org\springframework\boot\spring-boot-starter-validation\3.5.3\spring-boot-starter-validation-3.5.3.jar;C:\Users\Hp\.m2\repository\org\apache\tomcat\embed\tomcat-embed-el\10.1.42\tomcat-embed-el-10.1.42.jar;C:\Users\Hp\.m2\repository\org\hibernate\validator\hibernate-validator\8.0.2.Final\hibernate-validator-8.0.2.Final.jar;C:\Users\Hp\.m2\repository\jakarta\validation\jakarta.validation-api\3.0.2\jakarta.validation-api-3.0.2.jar;C:\Users\Hp\.m2\repository\org\springframework\retry\spring-retry\2.0.12\spring-retry-2.0.12.jar;C:\Users\Hp\.m2\repository\io\github\resilience4j\resilience4j-spring-boot3\2.2.0\resilience4j-spring-boot3-2.2.0.jar;C:\Users\Hp\.m2\repository\io\github\resilience4j\resilience4j-spring6\2.2.0\resilience4j-spring6-2.2.0.jar;C:\Users\Hp\.m2\repository\io\github\resilience4j\resilience4j-annotations\2.2.0\resilience4j-annotations-2.2.0.jar;C:\Users\Hp\.m2\repository\io\github\resilience4j\resilience4j-consumer\2.2.0\resilience4j-consumer-2.2.0.jar;C:\Users\Hp\.m2\repository\io\github\resilience4j\resilience4j-circularbuffer\2.2.0\resilience4j-circularbuffer-2.2.0.jar;C:\Users\Hp\.m2\repository\io\github\resilience4j\resilience4j-framework-common\2.2.0\resilience4j-framework-common-2.2.0.jar;C:\Users\Hp\.m2\repository\org\slf4j\slf4j-api\2.0.17\slf4j-api-2.0.17.jar;C:\Users\Hp\.m2\repository\io\github\resilience4j\resilience4j-micrometer\2.2.0\resilience4j-micrometer-2.2.0.jar;C:\Users\Hp\.m2\repository\io\micrometer\micrometer-core\1.15.1\micrometer-core-1.15.1.jar;C:\Users\Hp\.m2\repository\org\hdrhistogram\HdrHistogram\2.2.2\HdrHistogram-2.2.2.jar;C:\Users\Hp\.m2\repository\org\latencyutils\LatencyUtils\2.0.3\LatencyUtils-2.0.3.jar;C:\Users\Hp\.m2\repository\io\github\resilience4j\resilience4j-reactor\2.2.0\resilience4j-reactor-2.2.0.jar;C:\Users\Hp\.m2\repository\io\projectreactor\reactor-core\3.7.7\reactor-core-3.7.7.jar;C:\Users\Hp\.m2\repository\org\reactivestreams\reactive-streams\1.0.4\reactive-streams-1.0.4.jar;C:\Users\Hp\.m2\repository\io\github\resilience4j\resilience4j-circuitbreaker\2.2.0\resilience4j-circuitbreaker-2.2.0.jar;C:\Users\Hp\.m2\repository\io\github\resilience4j\resilience4j-core\2.2.0\resilience4j-core-2.2.0.jar;C:\Users\Hp\.m2\repository\io\github\resilience4j\resilience4j-ratelimiter\2.2.0\resilience4j-ratelimiter-2.2.0.jar;C:\Users\Hp\.m2\repository\io\github\resilience4j\resilience4j-timelimiter\2.2.0\resilience4j-timelimiter-2.2.0.jar;C:\Users\Hp\.m2\repository\io\github\resilience4j\resilience4j-bulkhead\2.2.0\resilience4j-bulkhead-2.2.0.jar;C:\Users\Hp\.m2\repository\io\github\resilience4j\resilience4j-retry\2.2.0\resilience4j-retry-2.2.0.jar;C:\Users\Hp\.m2\repository\org\springframework\boot\spring-boot-starter-aop\3.5.3\spring-boot-starter-aop-3.5.3.jar;C:\Users\Hp\.m2\repository\org\aspectj\aspectjweaver\1.9.24\aspectjweaver-1.9.24.jar;C:\Users\Hp\.m2\repository\org\springframework\boot\spring-boot-starter-actuator\3.5.3\spring-boot-starter-actuator-3.5.3.jar;C:\Users\Hp\.m2\repository\org\springframework\boot\spring-boot-actuator-autoconfigure\3.5.3\spring-boot-actuator-autoconfigure-3.5.3.jar;C:\Users\Hp\.m2\repository\org\springframework\boot\spring-boot-actuator\3.5.3\spring-boot-actuator-3.5.3.jar;C:\Users\Hp\.m2\repository\io\micrometer\micrometer-observation\1.15.1\micrometer-observation-1.15.1.jar;C:\Users\Hp\.m2\repository\io\micrometer\micrometer-commons\1.15.1\micrometer-commons-1.15.1.jar;C:\Users\Hp\.m2\repository\io\micrometer\micrometer-jakarta9\1.15.1\micrometer-jakarta9-1.15.1.jar;C:\Users\Hp\.m2\repository\org\springframework\boot\spring-boot-starter-cache\3.5.3\spring-boot-starter-cache-3.5.3.jar;C:\Users\Hp\.m2\repository\org\springframework\spring-context-support\6.2.8\spring-context-support-6.2.8.jar;C:\Users\Hp\.m2\repository\com\github\ben-manes\caffeine\caffeine\3.2.1\caffeine-3.2.1.jar;C:\Users\Hp\.m2\repository\org\jspecify\jspecify\1.0.0\jspecify-1.0.0.jar;C:\Users\Hp\.m2\repository\com\google\errorprone\error_prone_annotations\2.38.0\error_prone_annotations-2.38.0.jar
Launcher Type: SUN_STANDARD

[Global flags]
     intx CICompilerCount                          = 12                                        {product} {ergonomic}
     uint ConcGCThreads                            = 3                                         {product} {ergonomic}
     uint G1ConcRefinementThreads                  = 13                                        {product} {ergonomic}
   size_t G1HeapRegionSize                         = 1048576                                   {product} {ergonomic}
   size_t InitialHeapSize                          = 62914560                                  {product} {ergonomic}
   size_t MarkStackSize                            = 4194304                                   {product} {ergonomic}
   size_t MarkStackSizeMax                         = 536870912                                 {product} {ergonomic}
   size_t MaxHeapSize                              = 987758592                                 {product} {ergonomic}
   size_t MaxNewSize                               = 592445440                                 {product} {ergonomic}
   size_t MinHeapDeltaBytes                        = 1048576                                   {product} {ergonomic}
   size_t MinHeapSize                              = 8388608                                   {product} {ergonomic}
    uintx NonNMethodCodeHeapSize                   = 7602176                                {pd product} {ergonomic}
    uintx NonProfiledCodeHeapSize                  = 122093568                              {pd product} {ergonomic}
    uintx ProfiledCodeHeapSize                     = 121962496                              {pd product} {ergonomic}
    uintx ReservedCodeCacheSize                    = 251658240                              {pd product} {ergonomic}
     bool SegmentedCodeCache                       = true                                      {product} {ergonomic}
   size_t SoftMaxHeapSize                          = 987758592                              {manageable} {ergonomic}
     bool UseCompressedOops                        = true                           {product lp64_product} {ergonomic}
     bool UseG1GC                                  = true                                      {product} {ergonomic}
     bool UseLargePagesIndividualAllocation        = false                                  {pd product} {ergonomic}

Logging:
Log output configuration:
 #0: stdout all=warning uptime,level,tags foldmultilines=false
 #1: stderr all=off uptime,level,tags foldmultilines=false

Release file:
IMPLEMENTOR="Oracle Corporation" 
JAVA_RUNTIME_VERSION="25.0.1+8-LTS-27" 
JAVA_VERSION="25.0.1" 
JAVA_VERSION_DATE="2025-10-21" 
LIBC="default" 
MODULES="java.base java.compiler java.datatransfer java.xml java.prefs java.desktop java.instrument java.logging java.management java.security.sasl java.naming java.rmi java.management.rmi java.net.http java.scripting java.security.jgss java.transaction.xa java.sql java.sql.rowset java.xml.crypto java.se java.smartcardio jdk.accessibility jdk.internal.jvmstat jdk.attach jdk.charsets jdk.internal.opt jdk.zipfs jdk.compiler jdk.crypto.cryptoki jdk.crypto.ec jdk.crypto.mscapi jdk.dynalink jdk.internal.ed jdk.editpad jdk.internal.vm.ci jdk.graal.compiler jdk.graal.compiler.management jdk.hotspot.agent jdk.httpserver jdk.incubator.vector jdk.internal.le jdk.internal.md jdk.jartool jdk.javadoc jdk.jcmd jdk.management jdk.management.agent jdk.jconsole jdk.jdeps jdk.jdwp.agent jdk.jdi jdk.jfr jdk.jlink jdk.jpackage jdk.jshell jdk.jsobject jdk.jstatd jdk.localedata jdk.management.jfr jdk.naming.dns jdk.naming.rmi jdk.net jdk.nio.mapmode jdk.sctp jdk.security.auth jdk.security.jgss jdk.unsupported jdk.unsupported.desktop jdk.xml.dom" 
OS_ARCH="x86_64" 
OS_NAME="Windows" 
SOURCE=".:git:862c85bc42b7 open:git:78770bfaefd2" 

Environment Variables:
PATH=C:\Python314\Scripts\;C:\Python314\;C:\Program Files\Common Files\Oracle\Java\javapath;C:\WINDOWS\system32;C:\WINDOWS;C:\WINDOWS\System32\Wbem;C:\WINDOWS\System32\WindowsPowerShell\v1.0\;C:\WINDOWS\System32\OpenSSH\;C:\Program Files\Git\cmd;C:\Program Files\apache-maven-3.9.12-bin\apache-maven-3.9.12\bin;C:\Program Files\nodejs\;C:\ProgramData\chocolatey\bin;C:\Program Files\Java\jdk-25\bin;C:\Program Files\Docker\Docker\resources\bin;C:\Program Files\Memurai\;C:\Program Files\Memurai;C:\Users\Hp\AppData\Local\Programs\Python\Python312\Scripts\;C:\Users\Hp\AppData\Local\Programs\Python\Python312\;C:\Users\Hp\AppData\Local\Microsoft\WindowsApps;C:\Program Files\JetBrains\IntelliJ IDEA Community Edition 2025.2.4\bin;C:\Users\Hp\AppData\Roaming\npm;C:\Users\Hp\AppData\Local\Programs\Microsoft VS Code\bin
USERNAME=Hp
OS=Windows_NT
PROCESSOR_IDENTIFIER=Intel64 Family 6 Model 154 Stepping 3, GenuineIntel
TMP=C:\Users\Hp\AppData\Local\Temp
TEMP=C:\Users\Hp\AppData\Local\Temp




Compilation memory statistics disabled.

Periodic native trim disabled

---------------  S Y S T E M  ---------------

OS:
 Windows 11 , 64 bit Build 26100 (10.0.26100.8246)
OS uptime: 10 days 4:31 hours
Hyper-V role detected

CPU: total 16 (initial active 16) (8 cores per cpu, 2 threads per core) family 6 model 154 stepping 3 microcode 0x42c, cx8, cmov, fxsr, ht, mmx, 3dnowpref, sse, sse2, sse3, ssse3, sse4.1, sse4.2, popcnt, lzcnt, tsc, tscinvbit, avx, avx2, aes, erms, clmul, bmi1, bmi2, adx, sha, fma, vzeroupper, clflush, clflushopt, clwb, hv, serialize, rdtscp, rdpid, fsrm, gfni, f16c, cet_ibt, cet_ss
Processor Information for processor 0
  Max Mhz: 1700, Current Mhz: 1457, Mhz Limit: 1700
Processor Information for processor 1
  Max Mhz: 1700, Current Mhz: 1457, Mhz Limit: 1700
Processor Information for processor 2
  Max Mhz: 1700, Current Mhz: 1700, Mhz Limit: 1700
Processor Information for processor 3
  Max Mhz: 1700, Current Mhz: 1700, Mhz Limit: 1700
Processor Information for processor 4
  Max Mhz: 1700, Current Mhz: 1700, Mhz Limit: 1700
Processor Information for processor 5
  Max Mhz: 1700, Current Mhz: 1457, Mhz Limit: 1700
Processor Information for processor 6
  Max Mhz: 1700, Current Mhz: 1700, Mhz Limit: 1700
Processor Information for processor 7
  Max Mhz: 1700, Current Mhz: 1700, Mhz Limit: 1700
Processor Information for processor 8
  Max Mhz: 1700, Current Mhz: 1200, Mhz Limit: 1190
Processor Information for processor 9
  Max Mhz: 1700, Current Mhz: 1200, Mhz Limit: 1190
Processor Information for processor 10
  Max Mhz: 1700, Current Mhz: 1200, Mhz Limit: 1190
Processor Information for processor 11
  Max Mhz: 1700, Current Mhz: 1200, Mhz Limit: 1190
Processor Information for processor 12
  Max Mhz: 1700, Current Mhz: 1200, Mhz Limit: 1190
Processor Information for processor 13
  Max Mhz: 1700, Current Mhz: 1200, Mhz Limit: 1190
Processor Information for processor 14
  Max Mhz: 1700, Current Mhz: 1200, Mhz Limit: 1190
Processor Information for processor 15
  Max Mhz: 1700, Current Mhz: 1200, Mhz Limit: 1190

Memory: 4k page, system-wide physical 3767M (326M free)
TotalPageFile size 15543M (AvailPageFile size 0M)
current process WorkingSet (physical memory assigned to process): 73M, peak: 380M
current process commit charge ("private bytes"): 557M, peak: 591M

vm_info: Java HotSpot(TM) 64-Bit Server VM (25.0.1+8-LTS-27) for windows-amd64 JRE (25.0.1+8-LTS-27), built on 2025-09-25T16:41:16Z with unknown MS VC++:1943

END.
